Source: |-
main() = output(input(5));
Instructions: |-
call main
halt
main:
addI t0 zero 5
add t1 a0 zero
swm t0 sp 0
subI sp sp 1
add a0 t0 zero
call input
addI sp sp 1
lwm t0 sp 0
add t1 a0 zero
swm t0 sp 0
subI sp sp 1
swm t1 sp 0
subI sp sp 1
add a0 t1 zero
call output
addI sp sp 1
lwm t1 sp 0
addI sp sp 1
lwm t0 sp 0
add a0 a0 zero
ret
input:
swm a0 dr 0
add a1 dr zero
_loop:
bel a0 zero _end
addI dr dr 1
lwi dr 0
subI a0 a0 1
jumpl _loop
_end:
add a0 a1 zero
addI dr dr 1
ret
output:
lwm t0 a0 0
_loop:
bel t0 zero _end
addI a0 a0 1
swo a0 0
subI t0 t0 1
jumpl _loop
_end:
addI dr dr 1
ret
addLists:
add t3 dr zero
lwm t0 a0 0
lwm t1 a1 0
add t2 t0 t1
swm t2 dr 0
_loop1:
bel t0 zero _loop2
addI dr dr 1
addI a0 a0 1
lwm tr a0 0
swm tr dr 0
subI t0 t0 1
jumpl _loop1
_loop2:
bel t1 zero _end
addI dr dr 1
addI a1 a1 1
lwm tr a1 0
swm tr dr 0
subI t1 t1 1
jumpl _loop2
_end:
add a0 t3 zero
addI dr dr 1
ret
head:
lwm a0 a0 1
ret
tail:
add t3 dr zero
lwm t0 a0 0
addI a0 a0 1
subI t0 t0 1
swm t0 dr 0
_loop:
bel t0 zero _end
addI a0 a0 1
addI dr dr 1
lwm tr a0 0
swm tr dr 0
subI t0 t0 4
jumpl _loop
_end:
add a0 t3 zero
addI dr dr 1
ret
outputChar:
swm a0 dr 0
swo dr 0
ret
outputInt:
bel a0 zero _output0
bll a0 zero _wsign
call outputPositiveInt
ret
_wsign:
swm s0 sp 0
subI sp sp 1
add s0 a0 zero
addI a0 zero 45
call outputChar
sub a0 zero s0
addI sp sp 1
lwm s0 sp 0
jumpl outputPositiveInt
_output0:
addI a0 zero 48
call outputChar
ret
outputPositiveInt:
bel a0 zero _end
swm a0 sp 0
subI sp sp 1
divI a0 a0 10
call outputPositiveInt
addI sp sp 1
lwm a0 sp 0
modI a0 a0 10
addI a0 a0 48
call outputChar
_end:
ret
id:
ret

Data Memory: |-
[]
Stdin: |-
HelloXasfdvasod;
Ticks: |-
pc: 0      | instruction: swm ra sp 0       | t0: 0 , t1: 0 , t2: 0 , t3: 0 , a0: 0 , a1: 0 , a2: 0 , s0: 0 , s1: 0 , s2: 0 , zero: 0, dr: 0 , ra: 0 , sp: 4096, tr: 0 | rin : 0, rout: 0
pc: 8      | instruction: subI sp sp 1      | t0: 0 , t1: 0 , t2: 0 , t3: 0 , a0: 0 , a1: 0 , a2: 0 , s0: 0 , s1: 0 , s2: 0 , zero: 0, dr: 0 , ra: 0 , sp: 4096, tr: 0 | rin : 0, rout: 0
pc: 16     | instruction: savePC            | t0: 0 , t1: 0 , t2: 0 , t3: 0 , a0: 0 , a1: 0 , a2: 0 , s0: 0 , s1: 0 , s2: 0 , zero: 0, dr: 0 , ra: 0 , sp: 4095, tr: 0 | rin : 0, rout: 0
pc: 24     | instruction: jump zero 56      | t0: 0 , t1: 0 , t2: 0 , t3: 0 , a0: 0 , a1: 0 , a2: 0 , s0: 0 , s1: 0 , s2: 0 , zero: 0, dr: 0 , ra: 16, sp: 4095, tr: 0 | rin : 0, rout: 0
pc: 56     | instruction: nop               | t0: 0 , t1: 0 , t2: 0 , t3: 0 , a0: 0 , a1: 0 , a2: 0 , s0: 0 , s1: 0 , s2: 0 , zero: 0, dr: 0 , ra: 16, sp: 4095, tr: 0 | rin : 0, rout: 0
pc: 64     | instruction: addI t0 zero 5    | t0: 0 , t1: 0 , t2: 0 , t3: 0 , a0: 0 , a1: 0 , a2: 0 , s0: 0 , s1: 0 , s2: 0 , zero: 0, dr: 0 , ra: 16, sp: 4095, tr: 0 | rin : 0, rout: 0
pc: 72     | instruction: add t1 a0 zero    | t0: 5 , t1: 0 , t2: 0 , t3: 0 , a0: 0 , a1: 0 , a2: 0 , s0: 0 , s1: 0 , s2: 0 , zero: 0, dr: 0 , ra: 16, sp: 4095, tr: 0 | rin : 0, rout: 0
pc: 80     | instruction: swm t0 sp 0       | t0: 5 , t1: 0 , t2: 0 , t3: 0 , a0: 0 , a1: 0 , a2: 0 , s0: 0 , s1: 0 , s2: 0 , zero: 0, dr: 0 , ra: 16, sp: 4095, tr: 0 | rin : 0, rout: 0
pc: 88     | instruction: subI sp sp 1      | t0: 5 , t1: 0 , t2: 0 , t3: 0 , a0: 0 , a1: 0 , a2: 0 , s0: 0 , s1: 0 , s2: 0 , zero: 0, dr: 0 , ra: 16, sp: 4095, tr: 0 | rin : 0, rout: 0
pc: 96     | instruction: add a0 t0 zero    | t0: 5 , t1: 0 , t2: 0 , t3: 0 , a0: 0 , a1: 0 , a2: 0 , s0: 0 , s1: 0 , s2: 0 , zero: 0, dr: 0 , ra: 16, sp: 4094, tr: 0 | rin : 0, rout: 0
pc: 104    | instruction: swm ra sp 0       | t0: 5 , t1: 0 , t2: 0 , t3: 0 , a0: 5 , a1: 0 , a2: 0 , s0: 0 , s1: 0 , s2: 0 , zero: 0, dr: 0 , ra: 16, sp: 4094, tr: 0 | rin : 0, rout: 0
pc: 112    | instruction: subI sp sp 1      | t0: 5 , t1: 0 , t2: 0 , t3: 0 , a0: 5 , a1: 0 , a2: 0 , s0: 0 , s1: 0 , s2: 0 , zero: 0, dr: 0 , ra: 16, sp: 4094, tr: 0 | rin : 0, rout: 0
pc: 120    | instruction: savePC            | t0: 5 , t1: 0 , t2: 0 , t3: 0 , a0: 5 , a1: 0 , a2: 0 , s0: 0 , s1: 0 , s2: 0 , zero: 0, dr: 0 , ra: 16, sp: 4093, tr: 0 | rin : 0, rout: 0
pc: 128    | instruction: jump zero 312     | t0: 5 , t1: 0 , t2: 0 , t3: 0 , a0: 5 , a1: 0 , a2: 0 , s0: 0 , s1: 0 , s2: 0 , zero: 0, dr: 0 , ra: 120, sp: 4093, tr: 0 | rin : 0, rout: 0
pc: 312    | instruction: nop               | t0: 5 , t1: 0 , t2: 0 , t3: 0 , a0: 5 , a1: 0 , a2: 0 , s0: 0 , s1: 0 , s2: 0 , zero: 0, dr: 0 , ra: 120, sp: 4093, tr: 0 | rin : 0, rout: 0
pc: 320    | instruction: swm a0 dr 0       | t0: 5 , t1: 0 , t2: 0 , t3: 0 , a0: 5 , a1: 0 , a2: 0 , s0: 0 , s1: 0 , s2: 0 , zero: 0, dr: 0 , ra: 120, sp: 4093, tr: 0 | rin : 0, rout: 0
pc: 328    | instruction: add a1 dr zero    | t0: 5 , t1: 0 , t2: 0 , t3: 0 , a0: 5 , a1: 0 , a2: 0 , s0: 0 , s1: 0 , s2: 0 , zero: 0, dr: 0 , ra: 120, sp: 4093, tr: 0 | rin : 0, rout: 0
pc: 336    | instruction: nop               | t0: 5 , t1: 0 , t2: 0 , t3: 0 , a0: 5 , a1: 0 , a2: 0 , s0: 0 , s1: 0 , s2: 0 , zero: 0, dr: 0 , ra: 120, sp: 4093, tr: 0 | rin : 0, rout: 0
pc: 344    | instruction: be a0 zero 32     | t0: 5 , t1: 0 , t2: 0 , t3: 0 , a0: 5 , a1: 0 , a2: 0 , s0: 0 , s1: 0 , s2: 0 , zero: 0, dr: 0 , ra: 120, sp: 4093, tr: 0 | rin : 0, rout: 0
pc: 352    | instruction: addI dr dr 1      | t0: 5 , t1: 0 , t2: 0 , t3: 0 , a0: 5 , a1: 0 , a2: 0 , s0: 0 , s1: 0 , s2: 0 , zero: 0, dr: 0 , ra: 120, sp: 4093, tr: 0 | rin : 0, rout: 0
pc: 360    | instruction: lwi dr 0          | t0: 5 , t1: 0 , t2: 0 , t3: 0 , a0: 5 , a1: 0 , a2: 0 , s0: 0 , s1: 0 , s2: 0 , zero: 0, dr: 1 , ra: 120, sp: 4093, tr: 0 | rin : 0, rout: 0
pc: 368    | instruction: subI a0 a0 1      | t0: 5 , t1: 0 , t2: 0 , t3: 0 , a0: 5 , a1: 0 , a2: 0 , s0: 0 , s1: 0 , s2: 0 , zero: 0, dr: 1 , ra: 120, sp: 4093, tr: 0 | rin : 8, rout: 0
pc: 376    | instruction: jump zero 336     | t0: 5 , t1: 0 , t2: 0 , t3: 0 , a0: 4 , a1: 0 , a2: 0 , s0: 0 , s1: 0 , s2: 0 , zero: 0, dr: 1 , ra: 120, sp: 4093, tr: 0 | rin : 8, rout: 0
pc: 336    | instruction: nop               | t0: 5 , t1: 0 , t2: 0 , t3: 0 , a0: 4 , a1: 0 , a2: 0 , s0: 0 , s1: 0 , s2: 0 , zero: 0, dr: 1 , ra: 120, sp: 4093, tr: 0 | rin : 8, rout: 0
pc: 344    | instruction: be a0 zero 32     | t0: 5 , t1: 0 , t2: 0 , t3: 0 , a0: 4 , a1: 0 , a2: 0 , s0: 0 , s1: 0 , s2: 0 , zero: 0, dr: 1 , ra: 120, sp: 4093, tr: 0 | rin : 8, rout: 0
pc: 352    | instruction: addI dr dr 1      | t0: 5 , t1: 0 , t2: 0 , t3: 0 , a0: 4 , a1: 0 , a2: 0 , s0: 0 , s1: 0 , s2: 0 , zero: 0, dr: 1 , ra: 120, sp: 4093, tr: 0 | rin : 8, rout: 0
pc: 360    | instruction: lwi dr 0          | t0: 5 , t1: 0 , t2: 0 , t3: 0 , a0: 4 , a1: 0 , a2: 0 , s0: 0 , s1: 0 , s2: 0 , zero: 0, dr: 2 , ra: 120, sp: 4093, tr: 0 | rin : 8, rout: 0
pc: 368    | instruction: subI a0 a0 1      | t0: 5 , t1: 0 , t2: 0 , t3: 0 , a0: 4 , a1: 0 , a2: 0 , s0: 0 , s1: 0 , s2: 0 , zero: 0, dr: 2 , ra: 120, sp: 4093, tr: 0 | rin : 16, rout: 0
pc: 376    | instruction: jump zero 336     | t0: 5 , t1: 0 , t2: 0 , t3: 0 , a0: 3 , a1: 0 , a2: 0 , s0: 0 , s1: 0 , s2: 0 , zero: 0, dr: 2 , ra: 120, sp: 4093, tr: 0 | rin : 16, rout: 0
pc: 336    | instruction: nop               | t0: 5 , t1: 0 , t2: 0 , t3: 0 , a0: 3 , a1: 0 , a2: 0 , s0: 0 , s1: 0 , s2: 0 , zero: 0, dr: 2 , ra: 120, sp: 4093, tr: 0 | rin : 16, rout: 0
pc: 344    | instruction: be a0 zero 32     | t0: 5 , t1: 0 , t2: 0 , t3: 0 , a0: 3 , a1: 0 , a2: 0 , s0: 0 , s1: 0 , s2: 0 , zero: 0, dr: 2 , ra: 120, sp: 4093, tr: 0 | rin : 16, rout: 0
pc: 352    | instruction: addI dr dr 1      | t0: 5 , t1: 0 , t2: 0 , t3: 0 , a0: 3 , a1: 0 , a2: 0 , s0: 0 , s1: 0 , s2: 0 , zero: 0, dr: 2 , ra: 120, sp: 4093, tr: 0 | rin : 16, rout: 0
pc: 360    | instruction: lwi dr 0          | t0: 5 , t1: 0 , t2: 0 , t3: 0 , a0: 3 , a1: 0 , a2: 0 , s0: 0 , s1: 0 , s2: 0 , zero: 0, dr: 3 , ra: 120, sp: 4093, tr: 0 | rin : 16, rout: 0
pc: 368    | instruction: subI a0 a0 1      | t0: 5 , t1: 0 , t2: 0 , t3: 0 , a0: 3 , a1: 0 , a2: 0 , s0: 0 , s1: 0 , s2: 0 , zero: 0, dr: 3 , ra: 120, sp: 4093, tr: 0 | rin : 24, rout: 0
pc: 376    | instruction: jump zero 336     | t0: 5 , t1: 0 , t2: 0 , t3: 0 , a0: 2 , a1: 0 , a2: 0 , s0: 0 , s1: 0 , s2: 0 , zero: 0, dr: 3 , ra: 120, sp: 4093, tr: 0 | rin : 24, rout: 0
pc: 336    | instruction: nop               | t0: 5 , t1: 0 , t2: 0 , t3: 0 , a0: 2 , a1: 0 , a2: 0 , s0: 0 , s1: 0 , s2: 0 , zero: 0, dr: 3 , ra: 120, sp: 4093, tr: 0 | rin : 24, rout: 0
pc: 344    | instruction: be a0 zero 32     | t0: 5 , t1: 0 , t2: 0 , t3: 0 , a0: 2 , a1: 0 , a2: 0 , s0: 0 , s1: 0 , s2: 0 , zero: 0, dr: 3 , ra: 120, sp: 4093, tr: 0 | rin : 24, rout: 0
pc: 352    | instruction: addI dr dr 1      | t0: 5 , t1: 0 , t2: 0 , t3: 0 , a0: 2 , a1: 0 , a2: 0 , s0: 0 , s1: 0 , s2: 0 , zero: 0, dr: 3 , ra: 120, sp: 4093, tr: 0 | rin : 24, rout: 0
pc: 360    | instruction: lwi dr 0          | t0: 5 , t1: 0 , t2: 0 , t3: 0 , a0: 2 , a1: 0 , a2: 0 , s0: 0 , s1: 0 , s2: 0 , zero: 0, dr: 4 , ra: 120, sp: 4093, tr: 0 | rin : 24, rout: 0
pc: 368    | instruction: subI a0 a0 1      | t0: 5 , t1: 0 , t2: 0 , t3: 0 , a0: 2 , a1: 0 , a2: 0 , s0: 0 , s1: 0 , s2: 0 , zero: 0, dr: 4 , ra: 120, sp: 4093, tr: 0 | rin : 32, rout: 0
pc: 376    | instruction: jump zero 336     | t0: 5 , t1: 0 , t2: 0 , t3: 0 , a0: 1 , a1: 0 , a2: 0 , s0: 0 , s1: 0 , s2: 0 , zero: 0, dr: 4 , ra: 120, sp: 4093, tr: 0 | rin : 32, rout: 0
pc: 336    | instruction: nop               | t0: 5 , t1: 0 , t2: 0 , t3: 0 , a0: 1 , a1: 0 , a2: 0 , s0: 0 , s1: 0 , s2: 0 , zero: 0, dr: 4 , ra: 120, sp: 4093, tr: 0 | rin : 32, rout: 0
pc: 344    | instruction: be a0 zero 32     | t0: 5 , t1: 0 , t2: 0 , t3: 0 , a0: 1 , a1: 0 , a2: 0 , s0: 0 , s1: 0 , s2: 0 , zero: 0, dr: 4 , ra: 120, sp: 4093, tr: 0 | rin : 32, rout: 0
pc: 352    | instruction: addI dr dr 1      | t0: 5 , t1: 0 , t2: 0 , t3: 0 , a0: 1 , a1: 0 , a2: 0 , s0: 0 , s1: 0 , s2: 0 , zero: 0, dr: 4 , ra: 120, sp: 4093, tr: 0 | rin : 32, rout: 0
pc: 360    | instruction: lwi dr 0          | t0: 5 , t1: 0 , t2: 0 , t3: 0 , a0: 1 , a1: 0 , a2: 0 , s0: 0 , s1: 0 , s2: 0 , zero: 0, dr: 5 , ra: 120, sp: 4093, tr: 0 | rin : 32, rout: 0
pc: 368    | instruction: subI a0 a0 1      | t0: 5 , t1: 0 , t2: 0 , t3: 0 , a0: 1 , a1: 0 , a2: 0 , s0: 0 , s1: 0 , s2: 0 , zero: 0, dr: 5 , ra: 120, sp: 4093, tr: 0 | rin : 40, rout: 0
pc: 376    | instruction: jump zero 336     | t0: 5 , t1: 0 , t2: 0 , t3: 0 , a0: 0 , a1: 0 , a2: 0 , s0: 0 , s1: 0 , s2: 0 , zero: 0, dr: 5 , ra: 120, sp: 4093, tr: 0 | rin : 40, rout: 0
pc: 336    | instruction: nop               | t0: 5 , t1: 0 , t2: 0 , t3: 0 , a0: 0 , a1: 0 , a2: 0 , s0: 0 , s1: 0 , s2: 0 , zero: 0, dr: 5 , ra: 120, sp: 4093, tr: 0 | rin : 40, rout: 0
pc: 344    | instruction: be a0 zero 32     | t0: 5 , t1: 0 , t2: 0 , t3: 0 , a0: 0 , a1: 0 , a2: 0 , s0: 0 , s1: 0 , s2: 0 , zero: 0, dr: 5 , ra: 120, sp: 4093, tr: 0 | rin : 40, rout: 0
pc: 384    | instruction: nop               | t0: 5 , t1: 0 , t2: 0 , t3: 0 , a0: 0 , a1: 0 , a2: 0 , s0: 0 , s1: 0 , s2: 0 , zero: 0, dr: 5 , ra: 120, sp: 4093, tr: 0 | rin : 40, rout: 0
pc: 392    | instruction: add a0 a1 zero    | t0: 5 , t1: 0 , t2: 0 , t3: 0 , a0: 0 , a1: 0 , a2: 0 , s0: 0 , s1: 0 , s2: 0 , zero: 0, dr: 5 , ra: 120, sp: 4093, tr: 0 | rin : 40, rout: 0
pc: 400    | instruction: addI dr dr 1      | t0: 5 , t1: 0 , t2: 0 , t3: 0 , a0: 0 , a1: 0 , a2: 0 , s0: 0 , s1: 0 , s2: 0 , zero: 0, dr: 5 , ra: 120, sp: 4093, tr: 0 | rin : 40, rout: 0
pc: 408    | instruction: ret               | t0: 5 , t1: 0 , t2: 0 , t3: 0 , a0: 0 , a1: 0 , a2: 0 , s0: 0 , s1: 0 , s2: 0 , zero: 0, dr: 6 , ra: 120, sp: 4093, tr: 0 | rin : 40, rout: 0
pc: 136    | instruction: addI sp sp 1      | t0: 5 , t1: 0 , t2: 0 , t3: 0 , a0: 0 , a1: 0 , a2: 0 , s0: 0 , s1: 0 , s2: 0 , zero: 0, dr: 6 , ra: 120, sp: 4093, tr: 0 | rin : 40, rout: 0
pc: 144    | instruction: lwm ra sp 0       | t0: 5 , t1: 0 , t2: 0 , t3: 0 , a0: 0 , a1: 0 , a2: 0 , s0: 0 , s1: 0 , s2: 0 , zero: 0, dr: 6 , ra: 120, sp: 4094, tr: 0 | rin : 40, rout: 0
pc: 152    | instruction: addI sp sp 1      | t0: 5 , t1: 0 , t2: 0 , t3: 0 , a0: 0 , a1: 0 , a2: 0 , s0: 0 , s1: 0 , s2: 0 , zero: 0, dr: 6 , ra: 16, sp: 4094, tr: 0 | rin : 40, rout: 0
pc: 160    | instruction: lwm t0 sp 0       | t0: 5 , t1: 0 , t2: 0 , t3: 0 , a0: 0 , a1: 0 , a2: 0 , s0: 0 , s1: 0 , s2: 0 , zero: 0, dr: 6 , ra: 16, sp: 4095, tr: 0 | rin : 40, rout: 0
pc: 168    | instruction: add t1 a0 zero    | t0: 5 , t1: 0 , t2: 0 , t3: 0 , a0: 0 , a1: 0 , a2: 0 , s0: 0 , s1: 0 , s2: 0 , zero: 0, dr: 6 , ra: 16, sp: 4095, tr: 0 | rin : 40, rout: 0
pc: 176    | instruction: swm t0 sp 0       | t0: 5 , t1: 0 , t2: 0 , t3: 0 , a0: 0 , a1: 0 , a2: 0 , s0: 0 , s1: 0 , s2: 0 , zero: 0, dr: 6 , ra: 16, sp: 4095, tr: 0 | rin : 40, rout: 0
pc: 184    | instruction: subI sp sp 1      | t0: 5 , t1: 0 , t2: 0 , t3: 0 , a0: 0 , a1: 0 , a2: 0 , s0: 0 , s1: 0 , s2: 0 , zero: 0, dr: 6 , ra: 16, sp: 4095, tr: 0 | rin : 40, rout: 0
pc: 192    | instruction: swm t1 sp 0       | t0: 5 , t1: 0 , t2: 0 , t3: 0 , a0: 0 , a1: 0 , a2: 0 , s0: 0 , s1: 0 , s2: 0 , zero: 0, dr: 6 , ra: 16, sp: 4094, tr: 0 | rin : 40, rout: 0
pc: 200    | instruction: subI sp sp 1      | t0: 5 , t1: 0 , t2: 0 , t3: 0 , a0: 0 , a1: 0 , a2: 0 , s0: 0 , s1: 0 , s2: 0 , zero: 0, dr: 6 , ra: 16, sp: 4094, tr: 0 | rin : 40, rout: 0
pc: 208    | instruction: add a0 t1 zero    | t0: 5 , t1: 0 , t2: 0 , t3: 0 , a0: 0 , a1: 0 , a2: 0 , s0: 0 , s1: 0 , s2: 0 , zero: 0, dr: 6 , ra: 16, sp: 4093, tr: 0 | rin : 40, rout: 0
pc: 216    | instruction: swm ra sp 0       | t0: 5 , t1: 0 , t2: 0 , t3: 0 , a0: 0 , a1: 0 , a2: 0 , s0: 0 , s1: 0 , s2: 0 , zero: 0, dr: 6 , ra: 16, sp: 4093, tr: 0 | rin : 40, rout: 0
pc: 224    | instruction: subI sp sp 1      | t0: 5 , t1: 0 , t2: 0 , t3: 0 , a0: 0 , a1: 0 , a2: 0 , s0: 0 , s1: 0 , s2: 0 , zero: 0, dr: 6 , ra: 16, sp: 4093, tr: 0 | rin : 40, rout: 0
pc: 232    | instruction: savePC            | t0: 5 , t1: 0 , t2: 0 , t3: 0 , a0: 0 , a1: 0 , a2: 0 , s0: 0 , s1: 0 , s2: 0 , zero: 0, dr: 6 , ra: 16, sp: 4092, tr: 0 | rin : 40, rout: 0
pc: 240    | instruction: jump zero 416     | t0: 5 , t1: 0 , t2: 0 , t3: 0 , a0: 0 , a1: 0 , a2: 0 , s0: 0 , s1: 0 , s2: 0 , zero: 0, dr: 6 , ra: 232, sp: 4092, tr: 0 | rin : 40, rout: 0
pc: 416    | instruction: nop               | t0: 5 , t1: 0 , t2: 0 , t3: 0 , a0: 0 , a1: 0 , a2: 0 , s0: 0 , s1: 0 , s2: 0 , zero: 0, dr: 6 , ra: 232, sp: 4092, tr: 0 | rin : 40, rout: 0
pc: 424    | instruction: lwm t0 a0 0       | t0: 5 , t1: 0 , t2: 0 , t3: 0 , a0: 0 , a1: 0 , a2: 0 , s0: 0 , s1: 0 , s2: 0 , zero: 0, dr: 6 , ra: 232, sp: 4092, tr: 0 | rin : 40, rout: 0
pc: 432    | instruction: nop               | t0: 5 , t1: 0 , t2: 0 , t3: 0 , a0: 0 , a1: 0 , a2: 0 , s0: 0 , s1: 0 , s2: 0 , zero: 0, dr: 6 , ra: 232, sp: 4092, tr: 0 | rin : 40, rout: 0
pc: 440    | instruction: be t0 zero 32     | t0: 5 , t1: 0 , t2: 0 , t3: 0 , a0: 0 , a1: 0 , a2: 0 , s0: 0 , s1: 0 , s2: 0 , zero: 0, dr: 6 , ra: 232, sp: 4092, tr: 0 | rin : 40, rout: 0
pc: 448    | instruction: addI a0 a0 1      | t0: 5 , t1: 0 , t2: 0 , t3: 0 , a0: 0 , a1: 0 , a2: 0 , s0: 0 , s1: 0 , s2: 0 , zero: 0, dr: 6 , ra: 232, sp: 4092, tr: 0 | rin : 40, rout: 0
pc: 456    | instruction: swo a0 0          | t0: 5 , t1: 0 , t2: 0 , t3: 0 , a0: 1 , a1: 0 , a2: 0 , s0: 0 , s1: 0 , s2: 0 , zero: 0, dr: 6 , ra: 232, sp: 4092, tr: 0 | rin : 40, rout: 0
pc: 464    | instruction: subI t0 t0 1      | t0: 5 , t1: 0 , t2: 0 , t3: 0 , a0: 1 , a1: 0 , a2: 0 , s0: 0 , s1: 0 , s2: 0 , zero: 0, dr: 6 , ra: 232, sp: 4092, tr: 0 | rin : 40, rout: 8
pc: 472    | instruction: jump zero 432     | t0: 4 , t1: 0 , t2: 0 , t3: 0 , a0: 1 , a1: 0 , a2: 0 , s0: 0 , s1: 0 , s2: 0 , zero: 0, dr: 6 , ra: 232, sp: 4092, tr: 0 | rin : 40, rout: 8
pc: 432    | instruction: nop               | t0: 4 , t1: 0 , t2: 0 , t3: 0 , a0: 1 , a1: 0 , a2: 0 , s0: 0 , s1: 0 , s2: 0 , zero: 0, dr: 6 , ra: 232, sp: 4092, tr: 0 | rin : 40, rout: 8
pc: 440    | instruction: be t0 zero 32     | t0: 4 , t1: 0 , t2: 0 , t3: 0 , a0: 1 , a1: 0 , a2: 0 , s0: 0 , s1: 0 , s2: 0 , zero: 0, dr: 6 , ra: 232, sp: 4092, tr: 0 | rin : 40, rout: 8
pc: 448    | instruction: addI a0 a0 1      | t0: 4 , t1: 0 , t2: 0 , t3: 0 , a0: 1 , a1: 0 , a2: 0 , s0: 0 , s1: 0 , s2: 0 , zero: 0, dr: 6 , ra: 232, sp: 4092, tr: 0 | rin : 40, rout: 8
pc: 456    | instruction: swo a0 0          | t0: 4 , t1: 0 , t2: 0 , t3: 0 , a0: 2 , a1: 0 , a2: 0 , s0: 0 , s1: 0 , s2: 0 , zero: 0, dr: 6 , ra: 232, sp: 4092, tr: 0 | rin : 40, rout: 8
pc: 464    | instruction: subI t0 t0 1      | t0: 4 , t1: 0 , t2: 0 , t3: 0 , a0: 2 , a1: 0 , a2: 0 , s0: 0 , s1: 0 , s2: 0 , zero: 0, dr: 6 , ra: 232, sp: 4092, tr: 0 | rin : 40, rout: 16
pc: 472    | instruction: jump zero 432     | t0: 3 , t1: 0 , t2: 0 , t3: 0 , a0: 2 , a1: 0 , a2: 0 , s0: 0 , s1: 0 , s2: 0 , zero: 0, dr: 6 , ra: 232, sp: 4092, tr: 0 | rin : 40, rout: 16
pc: 432    | instruction: nop               | t0: 3 , t1: 0 , t2: 0 , t3: 0 , a0: 2 , a1: 0 , a2: 0 , s0: 0 , s1: 0 , s2: 0 , zero: 0, dr: 6 , ra: 232, sp: 4092, tr: 0 | rin : 40, rout: 16
pc: 440    | instruction: be t0 zero 32     | t0: 3 , t1: 0 , t2: 0 , t3: 0 , a0: 2 , a1: 0 , a2: 0 , s0: 0 , s1: 0 , s2: 0 , zero: 0, dr: 6 , ra: 232, sp: 4092, tr: 0 | rin : 40, rout: 16
pc: 448    | instruction: addI a0 a0 1      | t0: 3 , t1: 0 , t2: 0 , t3: 0 , a0: 2 , a1: 0 , a2: 0 , s0: 0 , s1: 0 , s2: 0 , zero: 0, dr: 6 , ra: 232, sp: 4092, tr: 0 | rin : 40, rout: 16
pc: 456    | instruction: swo a0 0          | t0: 3 , t1: 0 , t2: 0 , t3: 0 , a0: 3 , a1: 0 , a2: 0 , s0: 0 , s1: 0 , s2: 0 , zero: 0, dr: 6 , ra: 232, sp: 4092, tr: 0 | rin : 40, rout: 16
pc: 464    | instruction: subI t0 t0 1      | t0: 3 , t1: 0 , t2: 0 , t3: 0 , a0: 3 , a1: 0 , a2: 0 , s0: 0 , s1: 0 , s2: 0 , zero: 0, dr: 6 , ra: 232, sp: 4092, tr: 0 | rin : 40, rout: 24
pc: 472    | instruction: jump zero 432     | t0: 2 , t1: 0 , t2: 0 , t3: 0 , a0: 3 , a1: 0 , a2: 0 , s0: 0 , s1: 0 , s2: 0 , zero: 0, dr: 6 , ra: 232, sp: 4092, tr: 0 | rin : 40, rout: 24
pc: 432    | instruction: nop               | t0: 2 , t1: 0 , t2: 0 , t3: 0 , a0: 3 , a1: 0 , a2: 0 , s0: 0 , s1: 0 , s2: 0 , zero: 0, dr: 6 , ra: 232, sp: 4092, tr: 0 | rin : 40, rout: 24
pc: 440    | instruction: be t0 zero 32     | t0: 2 , t1: 0 , t2: 0 , t3: 0 , a0: 3 , a1: 0 , a2: 0 , s0: 0 , s1: 0 , s2: 0 , zero: 0, dr: 6 , ra: 232, sp: 4092, tr: 0 | rin : 40, rout: 24
pc: 448    | instruction: addI a0 a0 1      | t0: 2 , t1: 0 , t2: 0 , t3: 0 , a0: 3 , a1: 0 , a2: 0 , s0: 0 , s1: 0 , s2: 0 , zero: 0, dr: 6 , ra: 232, sp: 4092, tr: 0 | rin : 40, rout: 24
pc: 456    | instruction: swo a0 0          | t0: 2 , t1: 0 , t2: 0 , t3: 0 , a0: 4 , a1: 0 , a2: 0 , s0: 0 , s1: 0 , s2: 0 , zero: 0, dr: 6 , ra: 232, sp: 4092, tr: 0 | rin : 40, rout: 24
pc: 464    | instruction: subI t0 t0 1      | t0: 2 , t1: 0 , t2: 0 , t3: 0 , a0: 4 , a1: 0 , a2: 0 , s0: 0 , s1: 0 , s2: 0 , zero: 0, dr: 6 , ra: 232, sp: 4092, tr: 0 | rin : 40, rout: 32
pc: 472    | instruction: jump zero 432     | t0: 1 , t1: 0 , t2: 0 , t3: 0 , a0: 4 , a1: 0 , a2: 0 , s0: 0 , s1: 0 , s2: 0 , zero: 0, dr: 6 , ra: 232, sp: 4092, tr: 0 | rin : 40, rout: 32
pc: 432    | instruction: nop               | t0: 1 , t1: 0 , t2: 0 , t3: 0 , a0: 4 , a1: 0 , a2: 0 , s0: 0 , s1: 0 , s2: 0 , zero: 0, dr: 6 , ra: 232, sp: 4092, tr: 0 | rin : 40, rout: 32
pc: 440    | instruction: be t0 zero 32     | t0: 1 , t1: 0 , t2: 0 , t3: 0 , a0: 4 , a1: 0 , a2: 0 , s0: 0 , s1: 0 , s2: 0 , zero: 0, dr: 6 , ra: 232, sp: 4092, tr: 0 | rin : 40, rout: 32
pc: 448    | instruction: addI a0 a0 1      | t0: 1 , t1: 0 , t2: 0 , t3: 0 , a0: 4 , a1: 0 , a2: 0 , s0: 0 , s1: 0 , s2: 0 , zero: 0, dr: 6 , ra: 232, sp: 4092, tr: 0 | rin : 40, rout: 32
pc: 456    | instruction: swo a0 0          | t0: 1 , t1: 0 , t2: 0 , t3: 0 , a0: 5 , a1: 0 , a2: 0 , s0: 0 , s1: 0 , s2: 0 , zero: 0, dr: 6 , ra: 232, sp: 4092, tr: 0 | rin : 40, rout: 32
pc: 464    | instruction: subI t0 t0 1      | t0: 1 , t1: 0 , t2: 0 , t3: 0 , a0: 5 , a1: 0 , a2: 0 , s0: 0 , s1: 0 , s2: 0 , zero: 0, dr: 6 , ra: 232, sp: 4092, tr: 0 | rin : 40, rout: 40
pc: 472    | instruction: jump zero 432     | t0: 0 , t1: 0 , t2: 0 , t3: 0 , a0: 5 , a1: 0 , a2: 0 , s0: 0 , s1: 0 , s2: 0 , zero: 0, dr: 6 , ra: 232, sp: 4092, tr: 0 | rin : 40, rout: 40
pc: 432    | instruction: nop               | t0: 0 , t1: 0 , t2: 0 , t3: 0 , a0: 5 , a1: 0 , a2: 0 , s0: 0 , s1: 0 , s2: 0 , zero: 0, dr: 6 , ra: 232, sp: 4092, tr: 0 | rin : 40, rout: 40

Exit code: |-
Halt: Stopping execution
Stdout: |-
Hello
Total: |-
115 instructions executed
