Source: |-
main() = output("What is your name? ") + output(addLists("Hello, ", input(5)));
Instructions: |-
call main
halt
main:
swm s0 sp 0
subI sp sp 1
addI t0 zero 0
add t1 a0 zero
swm t0 sp 0
subI sp sp 1
add a0 t0 zero
call output
addI sp sp 1
lwm t0 sp 0
addI t1 zero 20
addI t2 zero 5
add t3 a0 zero
swm t0 sp 0
subI sp sp 1
swm t3 sp 0
subI sp sp 1
swm t1 sp 0
subI sp sp 1
swm t2 sp 0
subI sp sp 1
add a0 t2 zero
call input
addI sp sp 1
lwm t2 sp 0
addI sp sp 1
lwm t1 sp 0
addI sp sp 1
lwm t3 sp 0
addI sp sp 1
lwm t0 sp 0
add a1 a0 zero
swm t0 sp 0
subI sp sp 1
swm t3 sp 0
subI sp sp 1
swm t1 sp 0
subI sp sp 1
swm t2 sp 0
subI sp sp 1
swm a1 sp 0
subI sp sp 1
add a0 t1 zero
add a1 a1 zero
call addLists
addI sp sp 1
lwm a1 sp 0
addI sp sp 1
lwm t2 sp 0
addI sp sp 1
lwm t1 sp 0
addI sp sp 1
lwm t3 sp 0
addI sp sp 1
lwm t0 sp 0
add a2 a0 zero
swm t0 sp 0
subI sp sp 1
swm t3 sp 0
subI sp sp 1
swm t1 sp 0
subI sp sp 1
swm t2 sp 0
subI sp sp 1
swm a1 sp 0
subI sp sp 1
swm a2 sp 0
subI sp sp 1
add a0 a2 zero
call output
addI sp sp 1
lwm a2 sp 0
addI sp sp 1
lwm a1 sp 0
addI sp sp 1
lwm t2 sp 0
addI sp sp 1
lwm t1 sp 0
addI sp sp 1
lwm t3 sp 0
addI sp sp 1
lwm t0 sp 0
add s0 t3 a0
addI sp sp 1
lwm s0 sp 0
add a0 s0 zero
ret
input:
swm a0 dr 0
add a1 dr zero
_loop:
bel a0 zero _end
addI dr dr 1
lwi dr 0
subI a0 a0 1
jumpl _loop
_end:
add a0 a1 zero
addI dr dr 1
ret
output:
lwm t0 a0 0
_loop:
bel t0 zero _end
addI a0 a0 1
swo a0 0
subI t0 t0 1
jumpl _loop
_end:
addI dr dr 1
ret
addLists:
add t3 dr zero
lwm t0 a0 0
lwm t1 a1 0
add t2 t0 t1
swm t2 dr 0
_loop1:
bel t0 zero _loop2
addI dr dr 1
addI a0 a0 1
lwm tr a0 0
swm tr dr 0
subI t0 t0 1
jumpl _loop1
_loop2:
bel t1 zero _end
addI dr dr 1
addI a1 a1 1
lwm tr a1 0
swm tr dr 0
subI t1 t1 1
jumpl _loop2
_end:
add a0 t3 zero
addI dr dr 1
ret
head:
lwm a0 a0 1
ret
tail:
add t3 dr zero
lwm t0 a0 0
addI a0 a0 1
subI t0 t0 1
swm t0 dr 0
_loop:
bel t0 zero _end
addI a0 a0 1
addI dr dr 1
lwm tr a0 0
swm tr dr 0
subI t0 t0 4
jumpl _loop
_end:
add a0 t3 zero
addI dr dr 1
ret
outputChar:
swm a0 dr 0
swo dr 0
ret
outputInt:
bel a0 zero _output0
bll a0 zero _wsign
call outputPositiveInt
ret
_wsign:
swm s0 sp 0
subI sp sp 1
add s0 a0 zero
addI a0 zero 45
call outputChar
sub a0 zero s0
addI sp sp 1
lwm s0 sp 0
jumpl outputPositiveInt
_output0:
addI a0 zero 48
call outputChar
ret
outputPositiveInt:
bel a0 zero _end
swm a0 sp 0
subI sp sp 1
divI a0 a0 10
call outputPositiveInt
addI sp sp 1
lwm a0 sp 0
modI a0 a0 10
addI a0 a0 48
call outputChar
_end:
ret
id:
ret

Data Memory: |-
[19,87,104,97,116,32,105,115,32,121,111,117,114,32,110,97,109,101,63,32,7,72,101,108,108,111,44,32]
Stdin: |-
AliceX
Ticks: |-
pc: 0      | instruction: swm ra sp 0       | N: 0, Z: 1 | t0: 0 , t1: 0 , t2: 0 , t3: 0 , a0: 0 , a1: 0 , a2: 0 , s0: 0 , s1: 0 , s2: 0 , zero: 0, dr: 28, ra: 0 , sp: 4096, tr: 0 | rin : 0, rout: 0
pc: 8      | instruction: subI sp sp 1      | N: 0, Z: 0 | t0: 0 , t1: 0 , t2: 0 , t3: 0 , a0: 0 , a1: 0 , a2: 0 , s0: 0 , s1: 0 , s2: 0 , zero: 0, dr: 28, ra: 0 , sp: 4096, tr: 0 | rin : 0, rout: 0
pc: 16     | instruction: savePC            | N: 0, Z: 0 | t0: 0 , t1: 0 , t2: 0 , t3: 0 , a0: 0 , a1: 0 , a2: 0 , s0: 0 , s1: 0 , s2: 0 , zero: 0, dr: 28, ra: 0 , sp: 4095, tr: 0 | rin : 0, rout: 0
pc: 24     | instruction: jump zero 56      | N: 0, Z: 0 | t0: 0 , t1: 0 , t2: 0 , t3: 0 , a0: 0 , a1: 0 , a2: 0 , s0: 0 , s1: 0 , s2: 0 , zero: 0, dr: 28, ra: 16, sp: 4095, tr: 0 | rin : 0, rout: 0
pc: 56     | instruction: nop               | N: 0, Z: 1 | t0: 0 , t1: 0 , t2: 0 , t3: 0 , a0: 0 , a1: 0 , a2: 0 , s0: 0 , s1: 0 , s2: 0 , zero: 0, dr: 28, ra: 16, sp: 4095, tr: 0 | rin : 0, rout: 0
pc: 64     | instruction: swm s0 sp 0       | N: 0, Z: 1 | t0: 0 , t1: 0 , t2: 0 , t3: 0 , a0: 0 , a1: 0 , a2: 0 , s0: 0 , s1: 0 , s2: 0 , zero: 0, dr: 28, ra: 16, sp: 4095, tr: 0 | rin : 0, rout: 0
pc: 72     | instruction: subI sp sp 1      | N: 0, Z: 0 | t0: 0 , t1: 0 , t2: 0 , t3: 0 , a0: 0 , a1: 0 , a2: 0 , s0: 0 , s1: 0 , s2: 0 , zero: 0, dr: 28, ra: 16, sp: 4095, tr: 0 | rin : 0, rout: 0
pc: 80     | instruction: addI t0 zero 0    | N: 0, Z: 0 | t0: 0 , t1: 0 , t2: 0 , t3: 0 , a0: 0 , a1: 0 , a2: 0 , s0: 0 , s1: 0 , s2: 0 , zero: 0, dr: 28, ra: 16, sp: 4094, tr: 0 | rin : 0, rout: 0
pc: 88     | instruction: add t1 a0 zero    | N: 0, Z: 1 | t0: 0 , t1: 0 , t2: 0 , t3: 0 , a0: 0 , a1: 0 , a2: 0 , s0: 0 , s1: 0 , s2: 0 , zero: 0, dr: 28, ra: 16, sp: 4094, tr: 0 | rin : 0, rout: 0
pc: 96     | instruction: swm t0 sp 0       | N: 0, Z: 1 | t0: 0 , t1: 0 , t2: 0 , t3: 0 , a0: 0 , a1: 0 , a2: 0 , s0: 0 , s1: 0 , s2: 0 , zero: 0, dr: 28, ra: 16, sp: 4094, tr: 0 | rin : 0, rout: 0
pc: 104    | instruction: subI sp sp 1      | N: 0, Z: 0 | t0: 0 , t1: 0 , t2: 0 , t3: 0 , a0: 0 , a1: 0 , a2: 0 , s0: 0 , s1: 0 , s2: 0 , zero: 0, dr: 28, ra: 16, sp: 4094, tr: 0 | rin : 0, rout: 0
pc: 112    | instruction: add a0 t0 zero    | N: 0, Z: 0 | t0: 0 , t1: 0 , t2: 0 , t3: 0 , a0: 0 , a1: 0 , a2: 0 , s0: 0 , s1: 0 , s2: 0 , zero: 0, dr: 28, ra: 16, sp: 4093, tr: 0 | rin : 0, rout: 0
pc: 120    | instruction: swm ra sp 0       | N: 0, Z: 1 | t0: 0 , t1: 0 , t2: 0 , t3: 0 , a0: 0 , a1: 0 , a2: 0 , s0: 0 , s1: 0 , s2: 0 , zero: 0, dr: 28, ra: 16, sp: 4093, tr: 0 | rin : 0, rout: 0
pc: 128    | instruction: subI sp sp 1      | N: 0, Z: 0 | t0: 0 , t1: 0 , t2: 0 , t3: 0 , a0: 0 , a1: 0 , a2: 0 , s0: 0 , s1: 0 , s2: 0 , zero: 0, dr: 28, ra: 16, sp: 4093, tr: 0 | rin : 0, rout: 0
pc: 136    | instruction: savePC            | N: 0, Z: 0 | t0: 0 , t1: 0 , t2: 0 , t3: 0 , a0: 0 , a1: 0 , a2: 0 , s0: 0 , s1: 0 , s2: 0 , zero: 0, dr: 28, ra: 16, sp: 4092, tr: 0 | rin : 0, rout: 0
pc: 144    | instruction: jump zero 1024    | N: 0, Z: 0 | t0: 0 , t1: 0 , t2: 0 , t3: 0 , a0: 0 , a1: 0 , a2: 0 , s0: 0 , s1: 0 , s2: 0 , zero: 0, dr: 28, ra: 136, sp: 4092, tr: 0 | rin : 0, rout: 0
pc: 1024   | instruction: nop               | N: 0, Z: 1 | t0: 0 , t1: 0 , t2: 0 , t3: 0 , a0: 0 , a1: 0 , a2: 0 , s0: 0 , s1: 0 , s2: 0 , zero: 0, dr: 28, ra: 136, sp: 4092, tr: 0 | rin : 0, rout: 0
pc: 1032   | instruction: lwm t0 a0 0       | N: 0, Z: 1 | t0: 0 , t1: 0 , t2: 0 , t3: 0 , a0: 0 , a1: 0 , a2: 0 , s0: 0 , s1: 0 , s2: 0 , zero: 0, dr: 28, ra: 136, sp: 4092, tr: 0 | rin : 0, rout: 0
pc: 1040   | instruction: nop               | N: 0, Z: 1 | t0: 19, t1: 0 , t2: 0 , t3: 0 , a0: 0 , a1: 0 , a2: 0 , s0: 0 , s1: 0 , s2: 0 , zero: 0, dr: 28, ra: 136, sp: 4092, tr: 0 | rin : 0, rout: 0
pc: 1048   | instruction: be t0 zero 32     | N: 0, Z: 1 | t0: 19, t1: 0 , t2: 0 , t3: 0 , a0: 0 , a1: 0 , a2: 0 , s0: 0 , s1: 0 , s2: 0 , zero: 0, dr: 28, ra: 136, sp: 4092, tr: 0 | rin : 0, rout: 0
pc: 1056   | instruction: addI a0 a0 1      | N: 0, Z: 0 | t0: 19, t1: 0 , t2: 0 , t3: 0 , a0: 0 , a1: 0 , a2: 0 , s0: 0 , s1: 0 , s2: 0 , zero: 0, dr: 28, ra: 136, sp: 4092, tr: 0 | rin : 0, rout: 0
pc: 1064   | instruction: swo a0 0          | N: 0, Z: 0 | t0: 19, t1: 0 , t2: 0 , t3: 0 , a0: 1 , a1: 0 , a2: 0 , s0: 0 , s1: 0 , s2: 0 , zero: 0, dr: 28, ra: 136, sp: 4092, tr: 0 | rin : 0, rout: 0
pc: 1072   | instruction: subI t0 t0 1      | N: 0, Z: 0 | t0: 19, t1: 0 , t2: 0 , t3: 0 , a0: 1 , a1: 0 , a2: 0 , s0: 0 , s1: 0 , s2: 0 , zero: 0, dr: 28, ra: 136, sp: 4092, tr: 0 | rin : 0, rout: 8
pc: 1080   | instruction: jump zero 1040    | N: 0, Z: 0 | t0: 18, t1: 0 , t2: 0 , t3: 0 , a0: 1 , a1: 0 , a2: 0 , s0: 0 , s1: 0 , s2: 0 , zero: 0, dr: 28, ra: 136, sp: 4092, tr: 0 | rin : 0, rout: 8
pc: 1040   | instruction: nop               | N: 0, Z: 0 | t0: 18, t1: 0 , t2: 0 , t3: 0 , a0: 1 , a1: 0 , a2: 0 , s0: 0 , s1: 0 , s2: 0 , zero: 0, dr: 28, ra: 136, sp: 4092, tr: 0 | rin : 0, rout: 8
pc: 1048   | instruction: be t0 zero 32     | N: 0, Z: 0 | t0: 18, t1: 0 , t2: 0 , t3: 0 , a0: 1 , a1: 0 , a2: 0 , s0: 0 , s1: 0 , s2: 0 , zero: 0, dr: 28, ra: 136, sp: 4092, tr: 0 | rin : 0, rout: 8
pc: 1056   | instruction: addI a0 a0 1      | N: 0, Z: 0 | t0: 18, t1: 0 , t2: 0 , t3: 0 , a0: 1 , a1: 0 , a2: 0 , s0: 0 , s1: 0 , s2: 0 , zero: 0, dr: 28, ra: 136, sp: 4092, tr: 0 | rin : 0, rout: 8
pc: 1064   | instruction: swo a0 0          | N: 0, Z: 0 | t0: 18, t1: 0 , t2: 0 , t3: 0 , a0: 2 , a1: 0 , a2: 0 , s0: 0 , s1: 0 , s2: 0 , zero: 0, dr: 28, ra: 136, sp: 4092, tr: 0 | rin : 0, rout: 8
pc: 1072   | instruction: subI t0 t0 1      | N: 0, Z: 0 | t0: 18, t1: 0 , t2: 0 , t3: 0 , a0: 2 , a1: 0 , a2: 0 , s0: 0 , s1: 0 , s2: 0 , zero: 0, dr: 28, ra: 136, sp: 4092, tr: 0 | rin : 0, rout: 16
pc: 1080   | instruction: jump zero 1040    | N: 0, Z: 0 | t0: 17, t1: 0 , t2: 0 , t3: 0 , a0: 2 , a1: 0 , a2: 0 , s0: 0 , s1: 0 , s2: 0 , zero: 0, dr: 28, ra: 136, sp: 4092, tr: 0 | rin : 0, rout: 16
pc: 1040   | instruction: nop               | N: 0, Z: 0 | t0: 17, t1: 0 , t2: 0 , t3: 0 , a0: 2 , a1: 0 , a2: 0 , s0: 0 , s1: 0 , s2: 0 , zero: 0, dr: 28, ra: 136, sp: 4092, tr: 0 | rin : 0, rout: 16
pc: 1048   | instruction: be t0 zero 32     | N: 0, Z: 0 | t0: 17, t1: 0 , t2: 0 , t3: 0 , a0: 2 , a1: 0 , a2: 0 , s0: 0 , s1: 0 , s2: 0 , zero: 0, dr: 28, ra: 136, sp: 4092, tr: 0 | rin : 0, rout: 16
pc: 1056   | instruction: addI a0 a0 1      | N: 0, Z: 0 | t0: 17, t1: 0 , t2: 0 , t3: 0 , a0: 2 , a1: 0 , a2: 0 , s0: 0 , s1: 0 , s2: 0 , zero: 0, dr: 28, ra: 136, sp: 4092, tr: 0 | rin : 0, rout: 16
pc: 1064   | instruction: swo a0 0          | N: 0, Z: 0 | t0: 17, t1: 0 , t2: 0 , t3: 0 , a0: 3 , a1: 0 , a2: 0 , s0: 0 , s1: 0 , s2: 0 , zero: 0, dr: 28, ra: 136, sp: 4092, tr: 0 | rin : 0, rout: 16
pc: 1072   | instruction: subI t0 t0 1      | N: 0, Z: 0 | t0: 17, t1: 0 , t2: 0 , t3: 0 , a0: 3 , a1: 0 , a2: 0 , s0: 0 , s1: 0 , s2: 0 , zero: 0, dr: 28, ra: 136, sp: 4092, tr: 0 | rin : 0, rout: 24
pc: 1080   | instruction: jump zero 1040    | N: 0, Z: 0 | t0: 16, t1: 0 , t2: 0 , t3: 0 , a0: 3 , a1: 0 , a2: 0 , s0: 0 , s1: 0 , s2: 0 , zero: 0, dr: 28, ra: 136, sp: 4092, tr: 0 | rin : 0, rout: 24
pc: 1040   | instruction: nop               | N: 0, Z: 0 | t0: 16, t1: 0 , t2: 0 , t3: 0 , a0: 3 , a1: 0 , a2: 0 , s0: 0 , s1: 0 , s2: 0 , zero: 0, dr: 28, ra: 136, sp: 4092, tr: 0 | rin : 0, rout: 24
pc: 1048   | instruction: be t0 zero 32     | N: 0, Z: 0 | t0: 16, t1: 0 , t2: 0 , t3: 0 , a0: 3 , a1: 0 , a2: 0 , s0: 0 , s1: 0 , s2: 0 , zero: 0, dr: 28, ra: 136, sp: 4092, tr: 0 | rin : 0, rout: 24
pc: 1056   | instruction: addI a0 a0 1      | N: 0, Z: 0 | t0: 16, t1: 0 , t2: 0 , t3: 0 , a0: 3 , a1: 0 , a2: 0 , s0: 0 , s1: 0 , s2: 0 , zero: 0, dr: 28, ra: 136, sp: 4092, tr: 0 | rin : 0, rout: 24
pc: 1064   | instruction: swo a0 0          | N: 0, Z: 0 | t0: 16, t1: 0 , t2: 0 , t3: 0 , a0: 4 , a1: 0 , a2: 0 , s0: 0 , s1: 0 , s2: 0 , zero: 0, dr: 28, ra: 136, sp: 4092, tr: 0 | rin : 0, rout: 24
pc: 1072   | instruction: subI t0 t0 1      | N: 0, Z: 0 | t0: 16, t1: 0 , t2: 0 , t3: 0 , a0: 4 , a1: 0 , a2: 0 , s0: 0 , s1: 0 , s2: 0 , zero: 0, dr: 28, ra: 136, sp: 4092, tr: 0 | rin : 0, rout: 32
pc: 1080   | instruction: jump zero 1040    | N: 0, Z: 0 | t0: 15, t1: 0 , t2: 0 , t3: 0 , a0: 4 , a1: 0 , a2: 0 , s0: 0 , s1: 0 , s2: 0 , zero: 0, dr: 28, ra: 136, sp: 4092, tr: 0 | rin : 0, rout: 32
pc: 1040   | instruction: nop               | N: 0, Z: 0 | t0: 15, t1: 0 , t2: 0 , t3: 0 , a0: 4 , a1: 0 , a2: 0 , s0: 0 , s1: 0 , s2: 0 , zero: 0, dr: 28, ra: 136, sp: 4092, tr: 0 | rin : 0, rout: 32
pc: 1048   | instruction: be t0 zero 32     | N: 0, Z: 0 | t0: 15, t1: 0 , t2: 0 , t3: 0 , a0: 4 , a1: 0 , a2: 0 , s0: 0 , s1: 0 , s2: 0 , zero: 0, dr: 28, ra: 136, sp: 4092, tr: 0 | rin : 0, rout: 32
pc: 1056   | instruction: addI a0 a0 1      | N: 0, Z: 0 | t0: 15, t1: 0 , t2: 0 , t3: 0 , a0: 4 , a1: 0 , a2: 0 , s0: 0 , s1: 0 , s2: 0 , zero: 0, dr: 28, ra: 136, sp: 4092, tr: 0 | rin : 0, rout: 32
pc: 1064   | instruction: swo a0 0          | N: 0, Z: 0 | t0: 15, t1: 0 , t2: 0 , t3: 0 , a0: 5 , a1: 0 , a2: 0 , s0: 0 , s1: 0 , s2: 0 , zero: 0, dr: 28, ra: 136, sp: 4092, tr: 0 | rin : 0, rout: 32
pc: 1072   | instruction: subI t0 t0 1      | N: 0, Z: 0 | t0: 15, t1: 0 , t2: 0 , t3: 0 , a0: 5 , a1: 0 , a2: 0 , s0: 0 , s1: 0 , s2: 0 , zero: 0, dr: 28, ra: 136, sp: 4092, tr: 0 | rin : 0, rout: 40
pc: 1080   | instruction: jump zero 1040    | N: 0, Z: 0 | t0: 14, t1: 0 , t2: 0 , t3: 0 , a0: 5 , a1: 0 , a2: 0 , s0: 0 , s1: 0 , s2: 0 , zero: 0, dr: 28, ra: 136, sp: 4092, tr: 0 | rin : 0, rout: 40
pc: 1040   | instruction: nop               | N: 0, Z: 0 | t0: 14, t1: 0 , t2: 0 , t3: 0 , a0: 5 , a1: 0 , a2: 0 , s0: 0 , s1: 0 , s2: 0 , zero: 0, dr: 28, ra: 136, sp: 4092, tr: 0 | rin : 0, rout: 40
pc: 1048   | instruction: be t0 zero 32     | N: 0, Z: 0 | t0: 14, t1: 0 , t2: 0 , t3: 0 , a0: 5 , a1: 0 , a2: 0 , s0: 0 , s1: 0 , s2: 0 , zero: 0, dr: 28, ra: 136, sp: 4092, tr: 0 | rin : 0, rout: 40
pc: 1056   | instruction: addI a0 a0 1      | N: 0, Z: 0 | t0: 14, t1: 0 , t2: 0 , t3: 0 , a0: 5 , a1: 0 , a2: 0 , s0: 0 , s1: 0 , s2: 0 , zero: 0, dr: 28, ra: 136, sp: 4092, tr: 0 | rin : 0, rout: 40
pc: 1064   | instruction: swo a0 0          | N: 0, Z: 0 | t0: 14, t1: 0 , t2: 0 , t3: 0 , a0: 6 , a1: 0 , a2: 0 , s0: 0 , s1: 0 , s2: 0 , zero: 0, dr: 28, ra: 136, sp: 4092, tr: 0 | rin : 0, rout: 40
pc: 1072   | instruction: subI t0 t0 1      | N: 0, Z: 0 | t0: 14, t1: 0 , t2: 0 , t3: 0 , a0: 6 , a1: 0 , a2: 0 , s0: 0 , s1: 0 , s2: 0 , zero: 0, dr: 28, ra: 136, sp: 4092, tr: 0 | rin : 0, rout: 48
pc: 1080   | instruction: jump zero 1040    | N: 0, Z: 0 | t0: 13, t1: 0 , t2: 0 , t3: 0 , a0: 6 , a1: 0 , a2: 0 , s0: 0 , s1: 0 , s2: 0 , zero: 0, dr: 28, ra: 136, sp: 4092, tr: 0 | rin : 0, rout: 48
pc: 1040   | instruction: nop               | N: 0, Z: 0 | t0: 13, t1: 0 , t2: 0 , t3: 0 , a0: 6 , a1: 0 , a2: 0 , s0: 0 , s1: 0 , s2: 0 , zero: 0, dr: 28, ra: 136, sp: 4092, tr: 0 | rin : 0, rout: 48
pc: 1048   | instruction: be t0 zero 32     | N: 0, Z: 0 | t0: 13, t1: 0 , t2: 0 , t3: 0 , a0: 6 , a1: 0 , a2: 0 , s0: 0 , s1: 0 , s2: 0 , zero: 0, dr: 28, ra: 136, sp: 4092, tr: 0 | rin : 0, rout: 48
pc: 1056   | instruction: addI a0 a0 1      | N: 0, Z: 0 | t0: 13, t1: 0 , t2: 0 , t3: 0 , a0: 6 , a1: 0 , a2: 0 , s0: 0 , s1: 0 , s2: 0 , zero: 0, dr: 28, ra: 136, sp: 4092, tr: 0 | rin : 0, rout: 48
pc: 1064   | instruction: swo a0 0          | N: 0, Z: 0 | t0: 13, t1: 0 , t2: 0 , t3: 0 , a0: 7 , a1: 0 , a2: 0 , s0: 0 , s1: 0 , s2: 0 , zero: 0, dr: 28, ra: 136, sp: 4092, tr: 0 | rin : 0, rout: 48
pc: 1072   | instruction: subI t0 t0 1      | N: 0, Z: 0 | t0: 13, t1: 0 , t2: 0 , t3: 0 , a0: 7 , a1: 0 , a2: 0 , s0: 0 , s1: 0 , s2: 0 , zero: 0, dr: 28, ra: 136, sp: 4092, tr: 0 | rin : 0, rout: 56
pc: 1080   | instruction: jump zero 1040    | N: 0, Z: 0 | t0: 12, t1: 0 , t2: 0 , t3: 0 , a0: 7 , a1: 0 , a2: 0 , s0: 0 , s1: 0 , s2: 0 , zero: 0, dr: 28, ra: 136, sp: 4092, tr: 0 | rin : 0, rout: 56
pc: 1040   | instruction: nop               | N: 0, Z: 0 | t0: 12, t1: 0 , t2: 0 , t3: 0 , a0: 7 , a1: 0 , a2: 0 , s0: 0 , s1: 0 , s2: 0 , zero: 0, dr: 28, ra: 136, sp: 4092, tr: 0 | rin : 0, rout: 56
pc: 1048   | instruction: be t0 zero 32     | N: 0, Z: 0 | t0: 12, t1: 0 , t2: 0 , t3: 0 , a0: 7 , a1: 0 , a2: 0 , s0: 0 , s1: 0 , s2: 0 , zero: 0, dr: 28, ra: 136, sp: 4092, tr: 0 | rin : 0, rout: 56
pc: 1056   | instruction: addI a0 a0 1      | N: 0, Z: 0 | t0: 12, t1: 0 , t2: 0 , t3: 0 , a0: 7 , a1: 0 , a2: 0 , s0: 0 , s1: 0 , s2: 0 , zero: 0, dr: 28, ra: 136, sp: 4092, tr: 0 | rin : 0, rout: 56
pc: 1064   | instruction: swo a0 0          | N: 0, Z: 0 | t0: 12, t1: 0 , t2: 0 , t3: 0 , a0: 8 , a1: 0 , a2: 0 , s0: 0 , s1: 0 , s2: 0 , zero: 0, dr: 28, ra: 136, sp: 4092, tr: 0 | rin : 0, rout: 56
pc: 1072   | instruction: subI t0 t0 1      | N: 0, Z: 0 | t0: 12, t1: 0 , t2: 0 , t3: 0 , a0: 8 , a1: 0 , a2: 0 , s0: 0 , s1: 0 , s2: 0 , zero: 0, dr: 28, ra: 136, sp: 4092, tr: 0 | rin : 0, rout: 64
pc: 1080   | instruction: jump zero 1040    | N: 0, Z: 0 | t0: 11, t1: 0 , t2: 0 , t3: 0 , a0: 8 , a1: 0 , a2: 0 , s0: 0 , s1: 0 , s2: 0 , zero: 0, dr: 28, ra: 136, sp: 4092, tr: 0 | rin : 0, rout: 64
pc: 1040   | instruction: nop               | N: 0, Z: 0 | t0: 11, t1: 0 , t2: 0 , t3: 0 , a0: 8 , a1: 0 , a2: 0 , s0: 0 , s1: 0 , s2: 0 , zero: 0, dr: 28, ra: 136, sp: 4092, tr: 0 | rin : 0, rout: 64
pc: 1048   | instruction: be t0 zero 32     | N: 0, Z: 0 | t0: 11, t1: 0 , t2: 0 , t3: 0 , a0: 8 , a1: 0 , a2: 0 , s0: 0 , s1: 0 , s2: 0 , zero: 0, dr: 28, ra: 136, sp: 4092, tr: 0 | rin : 0, rout: 64
pc: 1056   | instruction: addI a0 a0 1      | N: 0, Z: 0 | t0: 11, t1: 0 , t2: 0 , t3: 0 , a0: 8 , a1: 0 , a2: 0 , s0: 0 , s1: 0 , s2: 0 , zero: 0, dr: 28, ra: 136, sp: 4092, tr: 0 | rin : 0, rout: 64
pc: 1064   | instruction: swo a0 0          | N: 0, Z: 0 | t0: 11, t1: 0 , t2: 0 , t3: 0 , a0: 9 , a1: 0 , a2: 0 , s0: 0 , s1: 0 , s2: 0 , zero: 0, dr: 28, ra: 136, sp: 4092, tr: 0 | rin : 0, rout: 64
pc: 1072   | instruction: subI t0 t0 1      | N: 0, Z: 0 | t0: 11, t1: 0 , t2: 0 , t3: 0 , a0: 9 , a1: 0 , a2: 0 , s0: 0 , s1: 0 , s2: 0 , zero: 0, dr: 28, ra: 136, sp: 4092, tr: 0 | rin : 0, rout: 72
pc: 1080   | instruction: jump zero 1040    | N: 0, Z: 0 | t0: 10, t1: 0 , t2: 0 , t3: 0 , a0: 9 , a1: 0 , a2: 0 , s0: 0 , s1: 0 , s2: 0 , zero: 0, dr: 28, ra: 136, sp: 4092, tr: 0 | rin : 0, rout: 72
pc: 1040   | instruction: nop               | N: 0, Z: 0 | t0: 10, t1: 0 , t2: 0 , t3: 0 , a0: 9 , a1: 0 , a2: 0 , s0: 0 , s1: 0 , s2: 0 , zero: 0, dr: 28, ra: 136, sp: 4092, tr: 0 | rin : 0, rout: 72
pc: 1048   | instruction: be t0 zero 32     | N: 0, Z: 0 | t0: 10, t1: 0 , t2: 0 , t3: 0 , a0: 9 , a1: 0 , a2: 0 , s0: 0 , s1: 0 , s2: 0 , zero: 0, dr: 28, ra: 136, sp: 4092, tr: 0 | rin : 0, rout: 72
pc: 1056   | instruction: addI a0 a0 1      | N: 0, Z: 0 | t0: 10, t1: 0 , t2: 0 , t3: 0 , a0: 9 , a1: 0 , a2: 0 , s0: 0 , s1: 0 , s2: 0 , zero: 0, dr: 28, ra: 136, sp: 4092, tr: 0 | rin : 0, rout: 72
pc: 1064   | instruction: swo a0 0          | N: 0, Z: 0 | t0: 10, t1: 0 , t2: 0 , t3: 0 , a0: 10, a1: 0 , a2: 0 , s0: 0 , s1: 0 , s2: 0 , zero: 0, dr: 28, ra: 136, sp: 4092, tr: 0 | rin : 0, rout: 72
pc: 1072   | instruction: subI t0 t0 1      | N: 0, Z: 0 | t0: 10, t1: 0 , t2: 0 , t3: 0 , a0: 10, a1: 0 , a2: 0 , s0: 0 , s1: 0 , s2: 0 , zero: 0, dr: 28, ra: 136, sp: 4092, tr: 0 | rin : 0, rout: 80
pc: 1080   | instruction: jump zero 1040    | N: 0, Z: 0 | t0: 9 , t1: 0 , t2: 0 , t3: 0 , a0: 10, a1: 0 , a2: 0 , s0: 0 , s1: 0 , s2: 0 , zero: 0, dr: 28, ra: 136, sp: 4092, tr: 0 | rin : 0, rout: 80
pc: 1040   | instruction: nop               | N: 0, Z: 0 | t0: 9 , t1: 0 , t2: 0 , t3: 0 , a0: 10, a1: 0 , a2: 0 , s0: 0 , s1: 0 , s2: 0 , zero: 0, dr: 28, ra: 136, sp: 4092, tr: 0 | rin : 0, rout: 80
pc: 1048   | instruction: be t0 zero 32     | N: 0, Z: 0 | t0: 9 , t1: 0 , t2: 0 , t3: 0 , a0: 10, a1: 0 , a2: 0 , s0: 0 , s1: 0 , s2: 0 , zero: 0, dr: 28, ra: 136, sp: 4092, tr: 0 | rin : 0, rout: 80
pc: 1056   | instruction: addI a0 a0 1      | N: 0, Z: 0 | t0: 9 , t1: 0 , t2: 0 , t3: 0 , a0: 10, a1: 0 , a2: 0 , s0: 0 , s1: 0 , s2: 0 , zero: 0, dr: 28, ra: 136, sp: 4092, tr: 0 | rin : 0, rout: 80
pc: 1064   | instruction: swo a0 0          | N: 0, Z: 0 | t0: 9 , t1: 0 , t2: 0 , t3: 0 , a0: 11, a1: 0 , a2: 0 , s0: 0 , s1: 0 , s2: 0 , zero: 0, dr: 28, ra: 136, sp: 4092, tr: 0 | rin : 0, rout: 80
pc: 1072   | instruction: subI t0 t0 1      | N: 0, Z: 0 | t0: 9 , t1: 0 , t2: 0 , t3: 0 , a0: 11, a1: 0 , a2: 0 , s0: 0 , s1: 0 , s2: 0 , zero: 0, dr: 28, ra: 136, sp: 4092, tr: 0 | rin : 0, rout: 88
pc: 1080   | instruction: jump zero 1040    | N: 0, Z: 0 | t0: 8 , t1: 0 , t2: 0 , t3: 0 , a0: 11, a1: 0 , a2: 0 , s0: 0 , s1: 0 , s2: 0 , zero: 0, dr: 28, ra: 136, sp: 4092, tr: 0 | rin : 0, rout: 88
pc: 1040   | instruction: nop               | N: 0, Z: 0 | t0: 8 , t1: 0 , t2: 0 , t3: 0 , a0: 11, a1: 0 , a2: 0 , s0: 0 , s1: 0 , s2: 0 , zero: 0, dr: 28, ra: 136, sp: 4092, tr: 0 | rin : 0, rout: 88
pc: 1048   | instruction: be t0 zero 32     | N: 0, Z: 0 | t0: 8 , t1: 0 , t2: 0 , t3: 0 , a0: 11, a1: 0 , a2: 0 , s0: 0 , s1: 0 , s2: 0 , zero: 0, dr: 28, ra: 136, sp: 4092, tr: 0 | rin : 0, rout: 88
pc: 1056   | instruction: addI a0 a0 1      | N: 0, Z: 0 | t0: 8 , t1: 0 , t2: 0 , t3: 0 , a0: 11, a1: 0 , a2: 0 , s0: 0 , s1: 0 , s2: 0 , zero: 0, dr: 28, ra: 136, sp: 4092, tr: 0 | rin : 0, rout: 88
pc: 1064   | instruction: swo a0 0          | N: 0, Z: 0 | t0: 8 , t1: 0 , t2: 0 , t3: 0 , a0: 12, a1: 0 , a2: 0 , s0: 0 , s1: 0 , s2: 0 , zero: 0, dr: 28, ra: 136, sp: 4092, tr: 0 | rin : 0, rout: 88
pc: 1072   | instruction: subI t0 t0 1      | N: 0, Z: 0 | t0: 8 , t1: 0 , t2: 0 , t3: 0 , a0: 12, a1: 0 , a2: 0 , s0: 0 , s1: 0 , s2: 0 , zero: 0, dr: 28, ra: 136, sp: 4092, tr: 0 | rin : 0, rout: 96
pc: 1080   | instruction: jump zero 1040    | N: 0, Z: 0 | t0: 7 , t1: 0 , t2: 0 , t3: 0 , a0: 12, a1: 0 , a2: 0 , s0: 0 , s1: 0 , s2: 0 , zero: 0, dr: 28, ra: 136, sp: 4092, tr: 0 | rin : 0, rout: 96
pc: 1040   | instruction: nop               | N: 0, Z: 0 | t0: 7 , t1: 0 , t2: 0 , t3: 0 , a0: 12, a1: 0 , a2: 0 , s0: 0 , s1: 0 , s2: 0 , zero: 0, dr: 28, ra: 136, sp: 4092, tr: 0 | rin : 0, rout: 96
pc: 1048   | instruction: be t0 zero 32     | N: 0, Z: 0 | t0: 7 , t1: 0 , t2: 0 , t3: 0 , a0: 12, a1: 0 , a2: 0 , s0: 0 , s1: 0 , s2: 0 , zero: 0, dr: 28, ra: 136, sp: 4092, tr: 0 | rin : 0, rout: 96
pc: 1056   | instruction: addI a0 a0 1      | N: 0, Z: 0 | t0: 7 , t1: 0 , t2: 0 , t3: 0 , a0: 12, a1: 0 , a2: 0 , s0: 0 , s1: 0 , s2: 0 , zero: 0, dr: 28, ra: 136, sp: 4092, tr: 0 | rin : 0, rout: 96
pc: 1064   | instruction: swo a0 0          | N: 0, Z: 0 | t0: 7 , t1: 0 , t2: 0 , t3: 0 , a0: 13, a1: 0 , a2: 0 , s0: 0 , s1: 0 , s2: 0 , zero: 0, dr: 28, ra: 136, sp: 4092, tr: 0 | rin : 0, rout: 96
pc: 1072   | instruction: subI t0 t0 1      | N: 0, Z: 0 | t0: 7 , t1: 0 , t2: 0 , t3: 0 , a0: 13, a1: 0 , a2: 0 , s0: 0 , s1: 0 , s2: 0 , zero: 0, dr: 28, ra: 136, sp: 4092, tr: 0 | rin : 0, rout: 104
pc: 1080   | instruction: jump zero 1040    | N: 0, Z: 0 | t0: 6 , t1: 0 , t2: 0 , t3: 0 , a0: 13, a1: 0 , a2: 0 , s0: 0 , s1: 0 , s2: 0 , zero: 0, dr: 28, ra: 136, sp: 4092, tr: 0 | rin : 0, rout: 104
pc: 1040   | instruction: nop               | N: 0, Z: 0 | t0: 6 , t1: 0 , t2: 0 , t3: 0 , a0: 13, a1: 0 , a2: 0 , s0: 0 , s1: 0 , s2: 0 , zero: 0, dr: 28, ra: 136, sp: 4092, tr: 0 | rin : 0, rout: 104
pc: 1048   | instruction: be t0 zero 32     | N: 0, Z: 0 | t0: 6 , t1: 0 , t2: 0 , t3: 0 , a0: 13, a1: 0 , a2: 0 , s0: 0 , s1: 0 , s2: 0 , zero: 0, dr: 28, ra: 136, sp: 4092, tr: 0 | rin : 0, rout: 104
pc: 1056   | instruction: addI a0 a0 1      | N: 0, Z: 0 | t0: 6 , t1: 0 , t2: 0 , t3: 0 , a0: 13, a1: 0 , a2: 0 , s0: 0 , s1: 0 , s2: 0 , zero: 0, dr: 28, ra: 136, sp: 4092, tr: 0 | rin : 0, rout: 104
pc: 1064   | instruction: swo a0 0          | N: 0, Z: 0 | t0: 6 , t1: 0 , t2: 0 , t3: 0 , a0: 14, a1: 0 , a2: 0 , s0: 0 , s1: 0 , s2: 0 , zero: 0, dr: 28, ra: 136, sp: 4092, tr: 0 | rin : 0, rout: 104

Exit code: |-
Halt: Stopping execution
Stdout: |-
What is your name? Hello, Alice
Total: |-
464 instructions executed
