Source: |-
main() = output("Hello, World!");
Instructions: |-
call main
halt
main:
addI t0 zero 0
add t1 a0 zero
swm t0 sp 0
subI sp sp 1
add a0 t0 zero
call output
addI sp sp 1
lwm t0 sp 0
add a0 a0 zero
ret
input:
swm a0 dr 0
add a1 dr zero
_loop:
jel a0 zero _end
addI dr dr 1
lwi dr 0
subI a0 a0 1
jumpl _loop
_end:
add a0 a1 zero
addI dr dr 1
ret
output:
lwm t0 a0 0
_loop:
jel t0 zero _end
addI a0 a0 1
swo a0 0
subI t0 t0 1
jumpl _loop
_end:
addI dr dr 1
ret
addLists:
add t3 dr zero
lwm t0 a0 0
lwm t1 a1 0
add t2 t0 t1
swm t2 dr 0
_loop1:
jel t0 zero _loop2
addI dr dr 4
addI a0 a0 4
lwm tr a0 0
swm tr dr 0
subI t0 t0 4
jumpl _loop1
_loop2:
jel t1 zero _end
addI dr dr 4
addI a1 a1 4
lwm tr a1 0
swm tr dr 0
subI t1 t1 4
jumpl _loop2
_end:
add a0 t3 zero
addI dr dr 4
ret
head:
lwm a0 a0 4
ret
tail:
add t3 dr zero
lwm t0 a0 0
addI a0 a0 1
subI t0 t0 1
swm t0 dr 0
_loop:
jel t0 zero _end
addI a0 a0 1
addI dr dr 1
lwm tr a0 0
swm tr dr 0
subI t0 t0 4
jumpl _loop
_end:
add a0 t3 zero
addI dr dr 1
ret
outputChar:
swm a0 dr 0
swo dr 0
ret
outputInt:
jel a0 zero _output0
jll a0 zero _wsign
call outputPositiveInt
ret
_wsign:
swm s0 sp 0
subI sp sp 1
add s0 a0 zero
addI a0 zero 45
call outputChar
sub a0 zero s0
addI sp sp 1
lwm s0 sp 0
jumpl outputPositiveInt
_output0:
addI a0 zero 48
call outputChar
ret
outputPositiveInt:
jel a0 zero _end
swm a0 sp 0
subI sp sp 1
divI a0 a0 10
call outputPositiveInt
addI sp sp 1
lwm a0 sp 0
modI a0 a0 10
addI a0 a0 48
call outputChar
_end:
ret
id:
ret

Stdin: |-
x
Ticks: |-
pc: 0     , instruction: swm ra sp 0      , t0: 0 , t1: 0 , t2: 0 , t3: 0 , a0: 0 , a1: 0 , a2: 0 , s0: 0 , s1: 0 , s2: 0 , zero: 0, dr: 0 , ra: 0 , sp: 4096, tr: 0, rin : 0, rout: 0
pc: 8     , instruction: subI sp sp 1     , t0: 0 , t1: 0 , t2: 0 , t3: 0 , a0: 0 , a1: 0 , a2: 0 , s0: 0 , s1: 0 , s2: 0 , zero: 0, dr: 0 , ra: 0 , sp: 4096, tr: 0, rin : 0, rout: 0
pc: 16    , instruction: savePC           , t0: 0 , t1: 0 , t2: 0 , t3: 0 , a0: 0 , a1: 0 , a2: 0 , s0: 0 , s1: 0 , s2: 0 , zero: 0, dr: 0 , ra: 0 , sp: 4095, tr: 0, rin : 0, rout: 0
pc: 24    , instruction: jump zero 56     , t0: 0 , t1: 0 , t2: 0 , t3: 0 , a0: 0 , a1: 0 , a2: 0 , s0: 0 , s1: 0 , s2: 0 , zero: 0, dr: 0 , ra: 16, sp: 4095, tr: 0, rin : 0, rout: 0
pc: 56    , instruction: nop              , t0: 0 , t1: 0 , t2: 0 , t3: 0 , a0: 0 , a1: 0 , a2: 0 , s0: 0 , s1: 0 , s2: 0 , zero: 0, dr: 0 , ra: 16, sp: 4095, tr: 0, rin : 0, rout: 0
pc: 64    , instruction: addI t0 zero 0   , t0: 0 , t1: 0 , t2: 0 , t3: 0 , a0: 0 , a1: 0 , a2: 0 , s0: 0 , s1: 0 , s2: 0 , zero: 0, dr: 0 , ra: 16, sp: 4095, tr: 0, rin : 0, rout: 0
pc: 72    , instruction: add t1 a0 zero   , t0: 0 , t1: 0 , t2: 0 , t3: 0 , a0: 0 , a1: 0 , a2: 0 , s0: 0 , s1: 0 , s2: 0 , zero: 0, dr: 0 , ra: 16, sp: 4095, tr: 0, rin : 0, rout: 0
pc: 80    , instruction: swm t0 sp 0      , t0: 0 , t1: 0 , t2: 0 , t3: 0 , a0: 0 , a1: 0 , a2: 0 , s0: 0 , s1: 0 , s2: 0 , zero: 0, dr: 0 , ra: 16, sp: 4095, tr: 0, rin : 0, rout: 0
pc: 88    , instruction: subI sp sp 1     , t0: 0 , t1: 0 , t2: 0 , t3: 0 , a0: 0 , a1: 0 , a2: 0 , s0: 0 , s1: 0 , s2: 0 , zero: 0, dr: 0 , ra: 16, sp: 4095, tr: 0, rin : 0, rout: 0
pc: 96    , instruction: add a0 t0 zero   , t0: 0 , t1: 0 , t2: 0 , t3: 0 , a0: 0 , a1: 0 , a2: 0 , s0: 0 , s1: 0 , s2: 0 , zero: 0, dr: 0 , ra: 16, sp: 4094, tr: 0, rin : 0, rout: 0
pc: 104   , instruction: swm ra sp 0      , t0: 0 , t1: 0 , t2: 0 , t3: 0 , a0: 0 , a1: 0 , a2: 0 , s0: 0 , s1: 0 , s2: 0 , zero: 0, dr: 0 , ra: 16, sp: 4094, tr: 0, rin : 0, rout: 0
pc: 112   , instruction: subI sp sp 1     , t0: 0 , t1: 0 , t2: 0 , t3: 0 , a0: 0 , a1: 0 , a2: 0 , s0: 0 , s1: 0 , s2: 0 , zero: 0, dr: 0 , ra: 16, sp: 4094, tr: 0, rin : 0, rout: 0
pc: 120   , instruction: savePC           , t0: 0 , t1: 0 , t2: 0 , t3: 0 , a0: 0 , a1: 0 , a2: 0 , s0: 0 , s1: 0 , s2: 0 , zero: 0, dr: 0 , ra: 16, sp: 4093, tr: 0, rin : 0, rout: 0
pc: 128   , instruction: jump zero 288    , t0: 0 , t1: 0 , t2: 0 , t3: 0 , a0: 0 , a1: 0 , a2: 0 , s0: 0 , s1: 0 , s2: 0 , zero: 0, dr: 0 , ra: 120, sp: 4093, tr: 0, rin : 0, rout: 0
pc: 288   , instruction: nop              , t0: 0 , t1: 0 , t2: 0 , t3: 0 , a0: 0 , a1: 0 , a2: 0 , s0: 0 , s1: 0 , s2: 0 , zero: 0, dr: 0 , ra: 120, sp: 4093, tr: 0, rin : 0, rout: 0
pc: 296   , instruction: lwm t0 a0 0      , t0: 0 , t1: 0 , t2: 0 , t3: 0 , a0: 0 , a1: 0 , a2: 0 , s0: 0 , s1: 0 , s2: 0 , zero: 0, dr: 0 , ra: 120, sp: 4093, tr: 0, rin : 0, rout: 0
pc: 304   , instruction: nop              , t0: 13, t1: 0 , t2: 0 , t3: 0 , a0: 0 , a1: 0 , a2: 0 , s0: 0 , s1: 0 , s2: 0 , zero: 0, dr: 0 , ra: 120, sp: 4093, tr: 0, rin : 0, rout: 0
pc: 312   , instruction: je t0 zero 32    , t0: 13, t1: 0 , t2: 0 , t3: 0 , a0: 0 , a1: 0 , a2: 0 , s0: 0 , s1: 0 , s2: 0 , zero: 0, dr: 0 , ra: 120, sp: 4093, tr: 0, rin : 0, rout: 0
pc: 320   , instruction: addI a0 a0 1     , t0: 13, t1: 0 , t2: 0 , t3: 0 , a0: 0 , a1: 0 , a2: 0 , s0: 0 , s1: 0 , s2: 0 , zero: 0, dr: 0 , ra: 120, sp: 4093, tr: 0, rin : 0, rout: 0
pc: 328   , instruction: swo a0 0         , t0: 13, t1: 0 , t2: 0 , t3: 0 , a0: 1 , a1: 0 , a2: 0 , s0: 0 , s1: 0 , s2: 0 , zero: 0, dr: 0 , ra: 120, sp: 4093, tr: 0, rin : 0, rout: 0
pc: 336   , instruction: subI t0 t0 1     , t0: 13, t1: 0 , t2: 0 , t3: 0 , a0: 1 , a1: 0 , a2: 0 , s0: 0 , s1: 0 , s2: 0 , zero: 0, dr: 0 , ra: 120, sp: 4093, tr: 0, rin : 0, rout: 8
pc: 344   , instruction: jump zero 304    , t0: 12, t1: 0 , t2: 0 , t3: 0 , a0: 1 , a1: 0 , a2: 0 , s0: 0 , s1: 0 , s2: 0 , zero: 0, dr: 0 , ra: 120, sp: 4093, tr: 0, rin : 0, rout: 8
pc: 304   , instruction: nop              , t0: 12, t1: 0 , t2: 0 , t3: 0 , a0: 1 , a1: 0 , a2: 0 , s0: 0 , s1: 0 , s2: 0 , zero: 0, dr: 0 , ra: 120, sp: 4093, tr: 0, rin : 0, rout: 8
pc: 312   , instruction: je t0 zero 32    , t0: 12, t1: 0 , t2: 0 , t3: 0 , a0: 1 , a1: 0 , a2: 0 , s0: 0 , s1: 0 , s2: 0 , zero: 0, dr: 0 , ra: 120, sp: 4093, tr: 0, rin : 0, rout: 8
pc: 320   , instruction: addI a0 a0 1     , t0: 12, t1: 0 , t2: 0 , t3: 0 , a0: 1 , a1: 0 , a2: 0 , s0: 0 , s1: 0 , s2: 0 , zero: 0, dr: 0 , ra: 120, sp: 4093, tr: 0, rin : 0, rout: 8
pc: 328   , instruction: swo a0 0         , t0: 12, t1: 0 , t2: 0 , t3: 0 , a0: 2 , a1: 0 , a2: 0 , s0: 0 , s1: 0 , s2: 0 , zero: 0, dr: 0 , ra: 120, sp: 4093, tr: 0, rin : 0, rout: 8
pc: 336   , instruction: subI t0 t0 1     , t0: 12, t1: 0 , t2: 0 , t3: 0 , a0: 2 , a1: 0 , a2: 0 , s0: 0 , s1: 0 , s2: 0 , zero: 0, dr: 0 , ra: 120, sp: 4093, tr: 0, rin : 0, rout: 16
pc: 344   , instruction: jump zero 304    , t0: 11, t1: 0 , t2: 0 , t3: 0 , a0: 2 , a1: 0 , a2: 0 , s0: 0 , s1: 0 , s2: 0 , zero: 0, dr: 0 , ra: 120, sp: 4093, tr: 0, rin : 0, rout: 16
pc: 304   , instruction: nop              , t0: 11, t1: 0 , t2: 0 , t3: 0 , a0: 2 , a1: 0 , a2: 0 , s0: 0 , s1: 0 , s2: 0 , zero: 0, dr: 0 , ra: 120, sp: 4093, tr: 0, rin : 0, rout: 16
pc: 312   , instruction: je t0 zero 32    , t0: 11, t1: 0 , t2: 0 , t3: 0 , a0: 2 , a1: 0 , a2: 0 , s0: 0 , s1: 0 , s2: 0 , zero: 0, dr: 0 , ra: 120, sp: 4093, tr: 0, rin : 0, rout: 16
pc: 320   , instruction: addI a0 a0 1     , t0: 11, t1: 0 , t2: 0 , t3: 0 , a0: 2 , a1: 0 , a2: 0 , s0: 0 , s1: 0 , s2: 0 , zero: 0, dr: 0 , ra: 120, sp: 4093, tr: 0, rin : 0, rout: 16
pc: 328   , instruction: swo a0 0         , t0: 11, t1: 0 , t2: 0 , t3: 0 , a0: 3 , a1: 0 , a2: 0 , s0: 0 , s1: 0 , s2: 0 , zero: 0, dr: 0 , ra: 120, sp: 4093, tr: 0, rin : 0, rout: 16
pc: 336   , instruction: subI t0 t0 1     , t0: 11, t1: 0 , t2: 0 , t3: 0 , a0: 3 , a1: 0 , a2: 0 , s0: 0 , s1: 0 , s2: 0 , zero: 0, dr: 0 , ra: 120, sp: 4093, tr: 0, rin : 0, rout: 24
pc: 344   , instruction: jump zero 304    , t0: 10, t1: 0 , t2: 0 , t3: 0 , a0: 3 , a1: 0 , a2: 0 , s0: 0 , s1: 0 , s2: 0 , zero: 0, dr: 0 , ra: 120, sp: 4093, tr: 0, rin : 0, rout: 24
pc: 304   , instruction: nop              , t0: 10, t1: 0 , t2: 0 , t3: 0 , a0: 3 , a1: 0 , a2: 0 , s0: 0 , s1: 0 , s2: 0 , zero: 0, dr: 0 , ra: 120, sp: 4093, tr: 0, rin : 0, rout: 24
pc: 312   , instruction: je t0 zero 32    , t0: 10, t1: 0 , t2: 0 , t3: 0 , a0: 3 , a1: 0 , a2: 0 , s0: 0 , s1: 0 , s2: 0 , zero: 0, dr: 0 , ra: 120, sp: 4093, tr: 0, rin : 0, rout: 24
pc: 320   , instruction: addI a0 a0 1     , t0: 10, t1: 0 , t2: 0 , t3: 0 , a0: 3 , a1: 0 , a2: 0 , s0: 0 , s1: 0 , s2: 0 , zero: 0, dr: 0 , ra: 120, sp: 4093, tr: 0, rin : 0, rout: 24
pc: 328   , instruction: swo a0 0         , t0: 10, t1: 0 , t2: 0 , t3: 0 , a0: 4 , a1: 0 , a2: 0 , s0: 0 , s1: 0 , s2: 0 , zero: 0, dr: 0 , ra: 120, sp: 4093, tr: 0, rin : 0, rout: 24
pc: 336   , instruction: subI t0 t0 1     , t0: 10, t1: 0 , t2: 0 , t3: 0 , a0: 4 , a1: 0 , a2: 0 , s0: 0 , s1: 0 , s2: 0 , zero: 0, dr: 0 , ra: 120, sp: 4093, tr: 0, rin : 0, rout: 32
pc: 344   , instruction: jump zero 304    , t0: 9 , t1: 0 , t2: 0 , t3: 0 , a0: 4 , a1: 0 , a2: 0 , s0: 0 , s1: 0 , s2: 0 , zero: 0, dr: 0 , ra: 120, sp: 4093, tr: 0, rin : 0, rout: 32
pc: 304   , instruction: nop              , t0: 9 , t1: 0 , t2: 0 , t3: 0 , a0: 4 , a1: 0 , a2: 0 , s0: 0 , s1: 0 , s2: 0 , zero: 0, dr: 0 , ra: 120, sp: 4093, tr: 0, rin : 0, rout: 32
pc: 312   , instruction: je t0 zero 32    , t0: 9 , t1: 0 , t2: 0 , t3: 0 , a0: 4 , a1: 0 , a2: 0 , s0: 0 , s1: 0 , s2: 0 , zero: 0, dr: 0 , ra: 120, sp: 4093, tr: 0, rin : 0, rout: 32
pc: 320   , instruction: addI a0 a0 1     , t0: 9 , t1: 0 , t2: 0 , t3: 0 , a0: 4 , a1: 0 , a2: 0 , s0: 0 , s1: 0 , s2: 0 , zero: 0, dr: 0 , ra: 120, sp: 4093, tr: 0, rin : 0, rout: 32
pc: 328   , instruction: swo a0 0         , t0: 9 , t1: 0 , t2: 0 , t3: 0 , a0: 5 , a1: 0 , a2: 0 , s0: 0 , s1: 0 , s2: 0 , zero: 0, dr: 0 , ra: 120, sp: 4093, tr: 0, rin : 0, rout: 32
pc: 336   , instruction: subI t0 t0 1     , t0: 9 , t1: 0 , t2: 0 , t3: 0 , a0: 5 , a1: 0 , a2: 0 , s0: 0 , s1: 0 , s2: 0 , zero: 0, dr: 0 , ra: 120, sp: 4093, tr: 0, rin : 0, rout: 40
pc: 344   , instruction: jump zero 304    , t0: 8 , t1: 0 , t2: 0 , t3: 0 , a0: 5 , a1: 0 , a2: 0 , s0: 0 , s1: 0 , s2: 0 , zero: 0, dr: 0 , ra: 120, sp: 4093, tr: 0, rin : 0, rout: 40
pc: 304   , instruction: nop              , t0: 8 , t1: 0 , t2: 0 , t3: 0 , a0: 5 , a1: 0 , a2: 0 , s0: 0 , s1: 0 , s2: 0 , zero: 0, dr: 0 , ra: 120, sp: 4093, tr: 0, rin : 0, rout: 40
pc: 312   , instruction: je t0 zero 32    , t0: 8 , t1: 0 , t2: 0 , t3: 0 , a0: 5 , a1: 0 , a2: 0 , s0: 0 , s1: 0 , s2: 0 , zero: 0, dr: 0 , ra: 120, sp: 4093, tr: 0, rin : 0, rout: 40
pc: 320   , instruction: addI a0 a0 1     , t0: 8 , t1: 0 , t2: 0 , t3: 0 , a0: 5 , a1: 0 , a2: 0 , s0: 0 , s1: 0 , s2: 0 , zero: 0, dr: 0 , ra: 120, sp: 4093, tr: 0, rin : 0, rout: 40
pc: 328   , instruction: swo a0 0         , t0: 8 , t1: 0 , t2: 0 , t3: 0 , a0: 6 , a1: 0 , a2: 0 , s0: 0 , s1: 0 , s2: 0 , zero: 0, dr: 0 , ra: 120, sp: 4093, tr: 0, rin : 0, rout: 40
pc: 336   , instruction: subI t0 t0 1     , t0: 8 , t1: 0 , t2: 0 , t3: 0 , a0: 6 , a1: 0 , a2: 0 , s0: 0 , s1: 0 , s2: 0 , zero: 0, dr: 0 , ra: 120, sp: 4093, tr: 0, rin : 0, rout: 48
pc: 344   , instruction: jump zero 304    , t0: 7 , t1: 0 , t2: 0 , t3: 0 , a0: 6 , a1: 0 , a2: 0 , s0: 0 , s1: 0 , s2: 0 , zero: 0, dr: 0 , ra: 120, sp: 4093, tr: 0, rin : 0, rout: 48
pc: 304   , instruction: nop              , t0: 7 , t1: 0 , t2: 0 , t3: 0 , a0: 6 , a1: 0 , a2: 0 , s0: 0 , s1: 0 , s2: 0 , zero: 0, dr: 0 , ra: 120, sp: 4093, tr: 0, rin : 0, rout: 48
pc: 312   , instruction: je t0 zero 32    , t0: 7 , t1: 0 , t2: 0 , t3: 0 , a0: 6 , a1: 0 , a2: 0 , s0: 0 , s1: 0 , s2: 0 , zero: 0, dr: 0 , ra: 120, sp: 4093, tr: 0, rin : 0, rout: 48
pc: 320   , instruction: addI a0 a0 1     , t0: 7 , t1: 0 , t2: 0 , t3: 0 , a0: 6 , a1: 0 , a2: 0 , s0: 0 , s1: 0 , s2: 0 , zero: 0, dr: 0 , ra: 120, sp: 4093, tr: 0, rin : 0, rout: 48
pc: 328   , instruction: swo a0 0         , t0: 7 , t1: 0 , t2: 0 , t3: 0 , a0: 7 , a1: 0 , a2: 0 , s0: 0 , s1: 0 , s2: 0 , zero: 0, dr: 0 , ra: 120, sp: 4093, tr: 0, rin : 0, rout: 48
pc: 336   , instruction: subI t0 t0 1     , t0: 7 , t1: 0 , t2: 0 , t3: 0 , a0: 7 , a1: 0 , a2: 0 , s0: 0 , s1: 0 , s2: 0 , zero: 0, dr: 0 , ra: 120, sp: 4093, tr: 0, rin : 0, rout: 56
pc: 344   , instruction: jump zero 304    , t0: 6 , t1: 0 , t2: 0 , t3: 0 , a0: 7 , a1: 0 , a2: 0 , s0: 0 , s1: 0 , s2: 0 , zero: 0, dr: 0 , ra: 120, sp: 4093, tr: 0, rin : 0, rout: 56
pc: 304   , instruction: nop              , t0: 6 , t1: 0 , t2: 0 , t3: 0 , a0: 7 , a1: 0 , a2: 0 , s0: 0 , s1: 0 , s2: 0 , zero: 0, dr: 0 , ra: 120, sp: 4093, tr: 0, rin : 0, rout: 56
pc: 312   , instruction: je t0 zero 32    , t0: 6 , t1: 0 , t2: 0 , t3: 0 , a0: 7 , a1: 0 , a2: 0 , s0: 0 , s1: 0 , s2: 0 , zero: 0, dr: 0 , ra: 120, sp: 4093, tr: 0, rin : 0, rout: 56
pc: 320   , instruction: addI a0 a0 1     , t0: 6 , t1: 0 , t2: 0 , t3: 0 , a0: 7 , a1: 0 , a2: 0 , s0: 0 , s1: 0 , s2: 0 , zero: 0, dr: 0 , ra: 120, sp: 4093, tr: 0, rin : 0, rout: 56
pc: 328   , instruction: swo a0 0         , t0: 6 , t1: 0 , t2: 0 , t3: 0 , a0: 8 , a1: 0 , a2: 0 , s0: 0 , s1: 0 , s2: 0 , zero: 0, dr: 0 , ra: 120, sp: 4093, tr: 0, rin : 0, rout: 56
pc: 336   , instruction: subI t0 t0 1     , t0: 6 , t1: 0 , t2: 0 , t3: 0 , a0: 8 , a1: 0 , a2: 0 , s0: 0 , s1: 0 , s2: 0 , zero: 0, dr: 0 , ra: 120, sp: 4093, tr: 0, rin : 0, rout: 64
pc: 344   , instruction: jump zero 304    , t0: 5 , t1: 0 , t2: 0 , t3: 0 , a0: 8 , a1: 0 , a2: 0 , s0: 0 , s1: 0 , s2: 0 , zero: 0, dr: 0 , ra: 120, sp: 4093, tr: 0, rin : 0, rout: 64
pc: 304   , instruction: nop              , t0: 5 , t1: 0 , t2: 0 , t3: 0 , a0: 8 , a1: 0 , a2: 0 , s0: 0 , s1: 0 , s2: 0 , zero: 0, dr: 0 , ra: 120, sp: 4093, tr: 0, rin : 0, rout: 64
pc: 312   , instruction: je t0 zero 32    , t0: 5 , t1: 0 , t2: 0 , t3: 0 , a0: 8 , a1: 0 , a2: 0 , s0: 0 , s1: 0 , s2: 0 , zero: 0, dr: 0 , ra: 120, sp: 4093, tr: 0, rin : 0, rout: 64
pc: 320   , instruction: addI a0 a0 1     , t0: 5 , t1: 0 , t2: 0 , t3: 0 , a0: 8 , a1: 0 , a2: 0 , s0: 0 , s1: 0 , s2: 0 , zero: 0, dr: 0 , ra: 120, sp: 4093, tr: 0, rin : 0, rout: 64
pc: 328   , instruction: swo a0 0         , t0: 5 , t1: 0 , t2: 0 , t3: 0 , a0: 9 , a1: 0 , a2: 0 , s0: 0 , s1: 0 , s2: 0 , zero: 0, dr: 0 , ra: 120, sp: 4093, tr: 0, rin : 0, rout: 64
pc: 336   , instruction: subI t0 t0 1     , t0: 5 , t1: 0 , t2: 0 , t3: 0 , a0: 9 , a1: 0 , a2: 0 , s0: 0 , s1: 0 , s2: 0 , zero: 0, dr: 0 , ra: 120, sp: 4093, tr: 0, rin : 0, rout: 72
pc: 344   , instruction: jump zero 304    , t0: 4 , t1: 0 , t2: 0 , t3: 0 , a0: 9 , a1: 0 , a2: 0 , s0: 0 , s1: 0 , s2: 0 , zero: 0, dr: 0 , ra: 120, sp: 4093, tr: 0, rin : 0, rout: 72
pc: 304   , instruction: nop              , t0: 4 , t1: 0 , t2: 0 , t3: 0 , a0: 9 , a1: 0 , a2: 0 , s0: 0 , s1: 0 , s2: 0 , zero: 0, dr: 0 , ra: 120, sp: 4093, tr: 0, rin : 0, rout: 72
pc: 312   , instruction: je t0 zero 32    , t0: 4 , t1: 0 , t2: 0 , t3: 0 , a0: 9 , a1: 0 , a2: 0 , s0: 0 , s1: 0 , s2: 0 , zero: 0, dr: 0 , ra: 120, sp: 4093, tr: 0, rin : 0, rout: 72
pc: 320   , instruction: addI a0 a0 1     , t0: 4 , t1: 0 , t2: 0 , t3: 0 , a0: 9 , a1: 0 , a2: 0 , s0: 0 , s1: 0 , s2: 0 , zero: 0, dr: 0 , ra: 120, sp: 4093, tr: 0, rin : 0, rout: 72
pc: 328   , instruction: swo a0 0         , t0: 4 , t1: 0 , t2: 0 , t3: 0 , a0: 10, a1: 0 , a2: 0 , s0: 0 , s1: 0 , s2: 0 , zero: 0, dr: 0 , ra: 120, sp: 4093, tr: 0, rin : 0, rout: 72
pc: 336   , instruction: subI t0 t0 1     , t0: 4 , t1: 0 , t2: 0 , t3: 0 , a0: 10, a1: 0 , a2: 0 , s0: 0 , s1: 0 , s2: 0 , zero: 0, dr: 0 , ra: 120, sp: 4093, tr: 0, rin : 0, rout: 80
pc: 344   , instruction: jump zero 304    , t0: 3 , t1: 0 , t2: 0 , t3: 0 , a0: 10, a1: 0 , a2: 0 , s0: 0 , s1: 0 , s2: 0 , zero: 0, dr: 0 , ra: 120, sp: 4093, tr: 0, rin : 0, rout: 80
pc: 304   , instruction: nop              , t0: 3 , t1: 0 , t2: 0 , t3: 0 , a0: 10, a1: 0 , a2: 0 , s0: 0 , s1: 0 , s2: 0 , zero: 0, dr: 0 , ra: 120, sp: 4093, tr: 0, rin : 0, rout: 80
pc: 312   , instruction: je t0 zero 32    , t0: 3 , t1: 0 , t2: 0 , t3: 0 , a0: 10, a1: 0 , a2: 0 , s0: 0 , s1: 0 , s2: 0 , zero: 0, dr: 0 , ra: 120, sp: 4093, tr: 0, rin : 0, rout: 80
pc: 320   , instruction: addI a0 a0 1     , t0: 3 , t1: 0 , t2: 0 , t3: 0 , a0: 10, a1: 0 , a2: 0 , s0: 0 , s1: 0 , s2: 0 , zero: 0, dr: 0 , ra: 120, sp: 4093, tr: 0, rin : 0, rout: 80
pc: 328   , instruction: swo a0 0         , t0: 3 , t1: 0 , t2: 0 , t3: 0 , a0: 11, a1: 0 , a2: 0 , s0: 0 , s1: 0 , s2: 0 , zero: 0, dr: 0 , ra: 120, sp: 4093, tr: 0, rin : 0, rout: 80
pc: 336   , instruction: subI t0 t0 1     , t0: 3 , t1: 0 , t2: 0 , t3: 0 , a0: 11, a1: 0 , a2: 0 , s0: 0 , s1: 0 , s2: 0 , zero: 0, dr: 0 , ra: 120, sp: 4093, tr: 0, rin : 0, rout: 88
pc: 344   , instruction: jump zero 304    , t0: 2 , t1: 0 , t2: 0 , t3: 0 , a0: 11, a1: 0 , a2: 0 , s0: 0 , s1: 0 , s2: 0 , zero: 0, dr: 0 , ra: 120, sp: 4093, tr: 0, rin : 0, rout: 88
pc: 304   , instruction: nop              , t0: 2 , t1: 0 , t2: 0 , t3: 0 , a0: 11, a1: 0 , a2: 0 , s0: 0 , s1: 0 , s2: 0 , zero: 0, dr: 0 , ra: 120, sp: 4093, tr: 0, rin : 0, rout: 88
pc: 312   , instruction: je t0 zero 32    , t0: 2 , t1: 0 , t2: 0 , t3: 0 , a0: 11, a1: 0 , a2: 0 , s0: 0 , s1: 0 , s2: 0 , zero: 0, dr: 0 , ra: 120, sp: 4093, tr: 0, rin : 0, rout: 88
pc: 320   , instruction: addI a0 a0 1     , t0: 2 , t1: 0 , t2: 0 , t3: 0 , a0: 11, a1: 0 , a2: 0 , s0: 0 , s1: 0 , s2: 0 , zero: 0, dr: 0 , ra: 120, sp: 4093, tr: 0, rin : 0, rout: 88
pc: 328   , instruction: swo a0 0         , t0: 2 , t1: 0 , t2: 0 , t3: 0 , a0: 12, a1: 0 , a2: 0 , s0: 0 , s1: 0 , s2: 0 , zero: 0, dr: 0 , ra: 120, sp: 4093, tr: 0, rin : 0, rout: 88
pc: 336   , instruction: subI t0 t0 1     , t0: 2 , t1: 0 , t2: 0 , t3: 0 , a0: 12, a1: 0 , a2: 0 , s0: 0 , s1: 0 , s2: 0 , zero: 0, dr: 0 , ra: 120, sp: 4093, tr: 0, rin : 0, rout: 96
pc: 344   , instruction: jump zero 304    , t0: 1 , t1: 0 , t2: 0 , t3: 0 , a0: 12, a1: 0 , a2: 0 , s0: 0 , s1: 0 , s2: 0 , zero: 0, dr: 0 , ra: 120, sp: 4093, tr: 0, rin : 0, rout: 96
pc: 304   , instruction: nop              , t0: 1 , t1: 0 , t2: 0 , t3: 0 , a0: 12, a1: 0 , a2: 0 , s0: 0 , s1: 0 , s2: 0 , zero: 0, dr: 0 , ra: 120, sp: 4093, tr: 0, rin : 0, rout: 96
pc: 312   , instruction: je t0 zero 32    , t0: 1 , t1: 0 , t2: 0 , t3: 0 , a0: 12, a1: 0 , a2: 0 , s0: 0 , s1: 0 , s2: 0 , zero: 0, dr: 0 , ra: 120, sp: 4093, tr: 0, rin : 0, rout: 96
pc: 320   , instruction: addI a0 a0 1     , t0: 1 , t1: 0 , t2: 0 , t3: 0 , a0: 12, a1: 0 , a2: 0 , s0: 0 , s1: 0 , s2: 0 , zero: 0, dr: 0 , ra: 120, sp: 4093, tr: 0, rin : 0, rout: 96
pc: 328   , instruction: swo a0 0         , t0: 1 , t1: 0 , t2: 0 , t3: 0 , a0: 13, a1: 0 , a2: 0 , s0: 0 , s1: 0 , s2: 0 , zero: 0, dr: 0 , ra: 120, sp: 4093, tr: 0, rin : 0, rout: 96
pc: 336   , instruction: subI t0 t0 1     , t0: 1 , t1: 0 , t2: 0 , t3: 0 , a0: 13, a1: 0 , a2: 0 , s0: 0 , s1: 0 , s2: 0 , zero: 0, dr: 0 , ra: 120, sp: 4093, tr: 0, rin : 0, rout: 104
pc: 344   , instruction: jump zero 304    , t0: 0 , t1: 0 , t2: 0 , t3: 0 , a0: 13, a1: 0 , a2: 0 , s0: 0 , s1: 0 , s2: 0 , zero: 0, dr: 0 , ra: 120, sp: 4093, tr: 0, rin : 0, rout: 104
pc: 304   , instruction: nop              , t0: 0 , t1: 0 , t2: 0 , t3: 0 , a0: 13, a1: 0 , a2: 0 , s0: 0 , s1: 0 , s2: 0 , zero: 0, dr: 0 , ra: 120, sp: 4093, tr: 0, rin : 0, rout: 104
pc: 312   , instruction: je t0 zero 32    , t0: 0 , t1: 0 , t2: 0 , t3: 0 , a0: 13, a1: 0 , a2: 0 , s0: 0 , s1: 0 , s2: 0 , zero: 0, dr: 0 , ra: 120, sp: 4093, tr: 0, rin : 0, rout: 104
pc: 352   , instruction: nop              , t0: 0 , t1: 0 , t2: 0 , t3: 0 , a0: 13, a1: 0 , a2: 0 , s0: 0 , s1: 0 , s2: 0 , zero: 0, dr: 0 , ra: 120, sp: 4093, tr: 0, rin : 0, rout: 104
pc: 360   , instruction: addI dr dr 1     , t0: 0 , t1: 0 , t2: 0 , t3: 0 , a0: 13, a1: 0 , a2: 0 , s0: 0 , s1: 0 , s2: 0 , zero: 0, dr: 0 , ra: 120, sp: 4093, tr: 0, rin : 0, rout: 104
pc: 368   , instruction: ret              , t0: 0 , t1: 0 , t2: 0 , t3: 0 , a0: 13, a1: 0 , a2: 0 , s0: 0 , s1: 0 , s2: 0 , zero: 0, dr: 1 , ra: 120, sp: 4093, tr: 0, rin : 0, rout: 104
pc: 136   , instruction: addI sp sp 1     , t0: 0 , t1: 0 , t2: 0 , t3: 0 , a0: 13, a1: 0 , a2: 0 , s0: 0 , s1: 0 , s2: 0 , zero: 0, dr: 1 , ra: 120, sp: 4093, tr: 0, rin : 0, rout: 104

Exit code: |-
Halt: Stopping execution
Stdout: |-
Hello, World!
Total: |-
108 instructions executed
