Source: |-
main() =
    Let
        x = "Hello, ",
        y = input(5),
        z = "!"
    In
        output(addLists(addLists(x, y), z));
Instructions: |-
call main
halt
main:
addI t0 zero 0
addI t1 zero 5
add t2 a0 zero
swm t0 sp 0
subI sp sp 1
swm t1 sp 0
subI sp sp 1
swm t0 sp 0
subI sp sp 1
add a0 t1 zero
call input
addI sp sp 1
lwm t0 sp 0
addI sp sp 1
lwm t1 sp 0
addI sp sp 1
lwm t0 sp 0
addI t2 zero 8
add t3 a0 zero
swm t0 sp 0
subI sp sp 1
swm t1 sp 0
subI sp sp 1
swm t3 sp 0
subI sp sp 1
swm t2 sp 0
subI sp sp 1
swm t0 sp 0
subI sp sp 1
swm t3 sp 0
subI sp sp 1
swm t2 sp 0
subI sp sp 1
add a0 t0 zero
add a1 t3 zero
call addLists
addI sp sp 1
lwm t2 sp 0
addI sp sp 1
lwm t3 sp 0
addI sp sp 1
lwm t0 sp 0
addI sp sp 1
lwm t2 sp 0
addI sp sp 1
lwm t3 sp 0
addI sp sp 1
lwm t1 sp 0
addI sp sp 1
lwm t0 sp 0
add a1 a0 zero
swm t0 sp 0
subI sp sp 1
swm t1 sp 0
subI sp sp 1
swm t3 sp 0
subI sp sp 1
swm t2 sp 0
subI sp sp 1
swm a1 sp 0
subI sp sp 1
swm t0 sp 0
subI sp sp 1
swm t3 sp 0
subI sp sp 1
swm t2 sp 0
subI sp sp 1
add a0 a1 zero
add a1 t2 zero
call addLists
addI sp sp 1
lwm t2 sp 0
addI sp sp 1
lwm t3 sp 0
addI sp sp 1
lwm t0 sp 0
addI sp sp 1
lwm a1 sp 0
addI sp sp 1
lwm t2 sp 0
addI sp sp 1
lwm t3 sp 0
addI sp sp 1
lwm t1 sp 0
addI sp sp 1
lwm t0 sp 0
add a2 a0 zero
swm t0 sp 0
subI sp sp 1
swm t1 sp 0
subI sp sp 1
swm t3 sp 0
subI sp sp 1
swm t2 sp 0
subI sp sp 1
swm a1 sp 0
subI sp sp 1
swm a2 sp 0
subI sp sp 1
swm t0 sp 0
subI sp sp 1
swm t3 sp 0
subI sp sp 1
swm t2 sp 0
subI sp sp 1
add a0 a2 zero
call output
addI sp sp 1
lwm t2 sp 0
addI sp sp 1
lwm t3 sp 0
addI sp sp 1
lwm t0 sp 0
addI sp sp 1
lwm a2 sp 0
addI sp sp 1
lwm a1 sp 0
addI sp sp 1
lwm t2 sp 0
addI sp sp 1
lwm t3 sp 0
addI sp sp 1
lwm t1 sp 0
addI sp sp 1
lwm t0 sp 0
add a0 a0 zero
ret
input:
swm a0 dr 0
add a1 dr zero
_loop:
bel a0 zero _end
addI dr dr 1
lwi dr 0
subI a0 a0 1
jumpl _loop
_end:
add a0 a1 zero
addI dr dr 1
ret
output:
lwm t0 a0 0
_loop:
bel t0 zero _end
addI a0 a0 1
swo a0 0
subI t0 t0 1
jumpl _loop
_end:
addI dr dr 1
ret
addLists:
add t3 dr zero
lwm t0 a0 0
lwm t1 a1 0
add t2 t0 t1
swm t2 dr 0
_loop1:
bel t0 zero _loop2
addI dr dr 1
addI a0 a0 1
lwm tr a0 0
swm tr dr 0
subI t0 t0 1
jumpl _loop1
_loop2:
bel t1 zero _end
addI dr dr 1
addI a1 a1 1
lwm tr a1 0
swm tr dr 0
subI t1 t1 1
jumpl _loop2
_end:
add a0 t3 zero
addI dr dr 1
ret
head:
lwm a0 a0 1
ret
tail:
add t3 dr zero
lwm t0 a0 0
addI a0 a0 1
subI t0 t0 1
swm t0 dr 0
_loop:
bel t0 zero _end
addI a0 a0 1
addI dr dr 1
lwm tr a0 0
swm tr dr 0
subI t0 t0 4
jumpl _loop
_end:
add a0 t3 zero
addI dr dr 1
ret
outputChar:
swm a0 dr 0
swo dr 0
ret
outputInt:
bel a0 zero _output0
bll a0 zero _wsign
call outputPositiveInt
ret
_wsign:
swm s0 sp 0
subI sp sp 1
add s0 a0 zero
addI a0 zero 45
call outputChar
sub a0 zero s0
addI sp sp 1
lwm s0 sp 0
jumpl outputPositiveInt
_output0:
addI a0 zero 48
call outputChar
ret
outputPositiveInt:
bel a0 zero _end
swm a0 sp 0
subI sp sp 1
divI a0 a0 10
call outputPositiveInt
addI sp sp 1
lwm a0 sp 0
modI a0 a0 10
addI a0 a0 48
call outputChar
_end:
ret
id:
ret

Data Memory: |-
[7,72,101,108,108,111,44,32,1,33]
Stdin: |-
AliceX
Ticks: |-
pc: 0      | instruction: swm ra sp 0       | N: 0, Z: 1 | t0: 0 , t1: 0 , t2: 0 , t3: 0 , a0: 0 , a1: 0 , a2: 0 , s0: 0 , s1: 0 , s2: 0 , zero: 0, dr: 10, ra: 0 , sp: 4096, tr: 0 | rin : 0, rout: 0
pc: 8      | instruction: subI sp sp 1      | N: 0, Z: 0 | t0: 0 , t1: 0 , t2: 0 , t3: 0 , a0: 0 , a1: 0 , a2: 0 , s0: 0 , s1: 0 , s2: 0 , zero: 0, dr: 10, ra: 0 , sp: 4096, tr: 0 | rin : 0, rout: 0
pc: 16     | instruction: savePC            | N: 0, Z: 0 | t0: 0 , t1: 0 , t2: 0 , t3: 0 , a0: 0 , a1: 0 , a2: 0 , s0: 0 , s1: 0 , s2: 0 , zero: 0, dr: 10, ra: 0 , sp: 4095, tr: 0 | rin : 0, rout: 0
pc: 24     | instruction: jump zero 56      | N: 0, Z: 0 | t0: 0 , t1: 0 , t2: 0 , t3: 0 , a0: 0 , a1: 0 , a2: 0 , s0: 0 , s1: 0 , s2: 0 , zero: 0, dr: 10, ra: 16, sp: 4095, tr: 0 | rin : 0, rout: 0
pc: 56     | instruction: nop               | N: 0, Z: 1 | t0: 0 , t1: 0 , t2: 0 , t3: 0 , a0: 0 , a1: 0 , a2: 0 , s0: 0 , s1: 0 , s2: 0 , zero: 0, dr: 10, ra: 16, sp: 4095, tr: 0 | rin : 0, rout: 0
pc: 64     | instruction: addI t0 zero 0    | N: 0, Z: 1 | t0: 0 , t1: 0 , t2: 0 , t3: 0 , a0: 0 , a1: 0 , a2: 0 , s0: 0 , s1: 0 , s2: 0 , zero: 0, dr: 10, ra: 16, sp: 4095, tr: 0 | rin : 0, rout: 0
pc: 72     | instruction: addI t1 zero 5    | N: 0, Z: 1 | t0: 0 , t1: 0 , t2: 0 , t3: 0 , a0: 0 , a1: 0 , a2: 0 , s0: 0 , s1: 0 , s2: 0 , zero: 0, dr: 10, ra: 16, sp: 4095, tr: 0 | rin : 0, rout: 0
pc: 80     | instruction: add t2 a0 zero    | N: 0, Z: 0 | t0: 0 , t1: 5 , t2: 0 , t3: 0 , a0: 0 , a1: 0 , a2: 0 , s0: 0 , s1: 0 , s2: 0 , zero: 0, dr: 10, ra: 16, sp: 4095, tr: 0 | rin : 0, rout: 0
pc: 88     | instruction: swm t0 sp 0       | N: 0, Z: 1 | t0: 0 , t1: 5 , t2: 0 , t3: 0 , a0: 0 , a1: 0 , a2: 0 , s0: 0 , s1: 0 , s2: 0 , zero: 0, dr: 10, ra: 16, sp: 4095, tr: 0 | rin : 0, rout: 0
pc: 96     | instruction: subI sp sp 1      | N: 0, Z: 0 | t0: 0 , t1: 5 , t2: 0 , t3: 0 , a0: 0 , a1: 0 , a2: 0 , s0: 0 , s1: 0 , s2: 0 , zero: 0, dr: 10, ra: 16, sp: 4095, tr: 0 | rin : 0, rout: 0
pc: 104    | instruction: swm t1 sp 0       | N: 0, Z: 0 | t0: 0 , t1: 5 , t2: 0 , t3: 0 , a0: 0 , a1: 0 , a2: 0 , s0: 0 , s1: 0 , s2: 0 , zero: 0, dr: 10, ra: 16, sp: 4094, tr: 0 | rin : 0, rout: 0
pc: 112    | instruction: subI sp sp 1      | N: 0, Z: 0 | t0: 0 , t1: 5 , t2: 0 , t3: 0 , a0: 0 , a1: 0 , a2: 0 , s0: 0 , s1: 0 , s2: 0 , zero: 0, dr: 10, ra: 16, sp: 4094, tr: 0 | rin : 0, rout: 0
pc: 120    | instruction: swm t0 sp 0       | N: 0, Z: 0 | t0: 0 , t1: 5 , t2: 0 , t3: 0 , a0: 0 , a1: 0 , a2: 0 , s0: 0 , s1: 0 , s2: 0 , zero: 0, dr: 10, ra: 16, sp: 4093, tr: 0 | rin : 0, rout: 0
pc: 128    | instruction: subI sp sp 1      | N: 0, Z: 0 | t0: 0 , t1: 5 , t2: 0 , t3: 0 , a0: 0 , a1: 0 , a2: 0 , s0: 0 , s1: 0 , s2: 0 , zero: 0, dr: 10, ra: 16, sp: 4093, tr: 0 | rin : 0, rout: 0
pc: 136    | instruction: add a0 t1 zero    | N: 0, Z: 0 | t0: 0 , t1: 5 , t2: 0 , t3: 0 , a0: 0 , a1: 0 , a2: 0 , s0: 0 , s1: 0 , s2: 0 , zero: 0, dr: 10, ra: 16, sp: 4092, tr: 0 | rin : 0, rout: 0
pc: 144    | instruction: swm ra sp 0       | N: 0, Z: 0 | t0: 0 , t1: 5 , t2: 0 , t3: 0 , a0: 5 , a1: 0 , a2: 0 , s0: 0 , s1: 0 , s2: 0 , zero: 0, dr: 10, ra: 16, sp: 4092, tr: 0 | rin : 0, rout: 0
pc: 152    | instruction: subI sp sp 1      | N: 0, Z: 0 | t0: 0 , t1: 5 , t2: 0 , t3: 0 , a0: 5 , a1: 0 , a2: 0 , s0: 0 , s1: 0 , s2: 0 , zero: 0, dr: 10, ra: 16, sp: 4092, tr: 0 | rin : 0, rout: 0
pc: 160    | instruction: savePC            | N: 0, Z: 0 | t0: 0 , t1: 5 , t2: 0 , t3: 0 , a0: 5 , a1: 0 , a2: 0 , s0: 0 , s1: 0 , s2: 0 , zero: 0, dr: 10, ra: 16, sp: 4091, tr: 0 | rin : 0, rout: 0
pc: 168    | instruction: jump zero 1240    | N: 0, Z: 0 | t0: 0 , t1: 5 , t2: 0 , t3: 0 , a0: 5 , a1: 0 , a2: 0 , s0: 0 , s1: 0 , s2: 0 , zero: 0, dr: 10, ra: 160, sp: 4091, tr: 0 | rin : 0, rout: 0
pc: 1240   | instruction: nop               | N: 0, Z: 1 | t0: 0 , t1: 5 , t2: 0 , t3: 0 , a0: 5 , a1: 0 , a2: 0 , s0: 0 , s1: 0 , s2: 0 , zero: 0, dr: 10, ra: 160, sp: 4091, tr: 0 | rin : 0, rout: 0
pc: 1248   | instruction: swm a0 dr 0       | N: 0, Z: 1 | t0: 0 , t1: 5 , t2: 0 , t3: 0 , a0: 5 , a1: 0 , a2: 0 , s0: 0 , s1: 0 , s2: 0 , zero: 0, dr: 10, ra: 160, sp: 4091, tr: 0 | rin : 0, rout: 0
pc: 1256   | instruction: add a1 dr zero    | N: 0, Z: 0 | t0: 0 , t1: 5 , t2: 0 , t3: 0 , a0: 5 , a1: 0 , a2: 0 , s0: 0 , s1: 0 , s2: 0 , zero: 0, dr: 10, ra: 160, sp: 4091, tr: 0 | rin : 0, rout: 0
pc: 1264   | instruction: nop               | N: 0, Z: 0 | t0: 0 , t1: 5 , t2: 0 , t3: 0 , a0: 5 , a1: 10, a2: 0 , s0: 0 , s1: 0 , s2: 0 , zero: 0, dr: 10, ra: 160, sp: 4091, tr: 0 | rin : 0, rout: 0
pc: 1272   | instruction: be a0 zero 32     | N: 0, Z: 0 | t0: 0 , t1: 5 , t2: 0 , t3: 0 , a0: 5 , a1: 10, a2: 0 , s0: 0 , s1: 0 , s2: 0 , zero: 0, dr: 10, ra: 160, sp: 4091, tr: 0 | rin : 0, rout: 0
pc: 1280   | instruction: addI dr dr 1      | N: 0, Z: 0 | t0: 0 , t1: 5 , t2: 0 , t3: 0 , a0: 5 , a1: 10, a2: 0 , s0: 0 , s1: 0 , s2: 0 , zero: 0, dr: 10, ra: 160, sp: 4091, tr: 0 | rin : 0, rout: 0
pc: 1288   | instruction: lwi dr 0          | N: 0, Z: 0 | t0: 0 , t1: 5 , t2: 0 , t3: 0 , a0: 5 , a1: 10, a2: 0 , s0: 0 , s1: 0 , s2: 0 , zero: 0, dr: 11, ra: 160, sp: 4091, tr: 0 | rin : 0, rout: 0
pc: 1296   | instruction: subI a0 a0 1      | N: 0, Z: 0 | t0: 0 , t1: 5 , t2: 0 , t3: 0 , a0: 5 , a1: 10, a2: 0 , s0: 0 , s1: 0 , s2: 0 , zero: 0, dr: 11, ra: 160, sp: 4091, tr: 0 | rin : 8, rout: 0
pc: 1304   | instruction: jump zero 1264    | N: 0, Z: 0 | t0: 0 , t1: 5 , t2: 0 , t3: 0 , a0: 4 , a1: 10, a2: 0 , s0: 0 , s1: 0 , s2: 0 , zero: 0, dr: 11, ra: 160, sp: 4091, tr: 0 | rin : 8, rout: 0
pc: 1264   | instruction: nop               | N: 0, Z: 0 | t0: 0 , t1: 5 , t2: 0 , t3: 0 , a0: 4 , a1: 10, a2: 0 , s0: 0 , s1: 0 , s2: 0 , zero: 0, dr: 11, ra: 160, sp: 4091, tr: 0 | rin : 8, rout: 0
pc: 1272   | instruction: be a0 zero 32     | N: 0, Z: 0 | t0: 0 , t1: 5 , t2: 0 , t3: 0 , a0: 4 , a1: 10, a2: 0 , s0: 0 , s1: 0 , s2: 0 , zero: 0, dr: 11, ra: 160, sp: 4091, tr: 0 | rin : 8, rout: 0
pc: 1280   | instruction: addI dr dr 1      | N: 0, Z: 0 | t0: 0 , t1: 5 , t2: 0 , t3: 0 , a0: 4 , a1: 10, a2: 0 , s0: 0 , s1: 0 , s2: 0 , zero: 0, dr: 11, ra: 160, sp: 4091, tr: 0 | rin : 8, rout: 0
pc: 1288   | instruction: lwi dr 0          | N: 0, Z: 0 | t0: 0 , t1: 5 , t2: 0 , t3: 0 , a0: 4 , a1: 10, a2: 0 , s0: 0 , s1: 0 , s2: 0 , zero: 0, dr: 12, ra: 160, sp: 4091, tr: 0 | rin : 8, rout: 0
pc: 1296   | instruction: subI a0 a0 1      | N: 0, Z: 0 | t0: 0 , t1: 5 , t2: 0 , t3: 0 , a0: 4 , a1: 10, a2: 0 , s0: 0 , s1: 0 , s2: 0 , zero: 0, dr: 12, ra: 160, sp: 4091, tr: 0 | rin : 16, rout: 0
pc: 1304   | instruction: jump zero 1264    | N: 0, Z: 0 | t0: 0 , t1: 5 , t2: 0 , t3: 0 , a0: 3 , a1: 10, a2: 0 , s0: 0 , s1: 0 , s2: 0 , zero: 0, dr: 12, ra: 160, sp: 4091, tr: 0 | rin : 16, rout: 0
pc: 1264   | instruction: nop               | N: 0, Z: 0 | t0: 0 , t1: 5 , t2: 0 , t3: 0 , a0: 3 , a1: 10, a2: 0 , s0: 0 , s1: 0 , s2: 0 , zero: 0, dr: 12, ra: 160, sp: 4091, tr: 0 | rin : 16, rout: 0
pc: 1272   | instruction: be a0 zero 32     | N: 0, Z: 0 | t0: 0 , t1: 5 , t2: 0 , t3: 0 , a0: 3 , a1: 10, a2: 0 , s0: 0 , s1: 0 , s2: 0 , zero: 0, dr: 12, ra: 160, sp: 4091, tr: 0 | rin : 16, rout: 0
pc: 1280   | instruction: addI dr dr 1      | N: 0, Z: 0 | t0: 0 , t1: 5 , t2: 0 , t3: 0 , a0: 3 , a1: 10, a2: 0 , s0: 0 , s1: 0 , s2: 0 , zero: 0, dr: 12, ra: 160, sp: 4091, tr: 0 | rin : 16, rout: 0
pc: 1288   | instruction: lwi dr 0          | N: 0, Z: 0 | t0: 0 , t1: 5 , t2: 0 , t3: 0 , a0: 3 , a1: 10, a2: 0 , s0: 0 , s1: 0 , s2: 0 , zero: 0, dr: 13, ra: 160, sp: 4091, tr: 0 | rin : 16, rout: 0
pc: 1296   | instruction: subI a0 a0 1      | N: 0, Z: 0 | t0: 0 , t1: 5 , t2: 0 , t3: 0 , a0: 3 , a1: 10, a2: 0 , s0: 0 , s1: 0 , s2: 0 , zero: 0, dr: 13, ra: 160, sp: 4091, tr: 0 | rin : 24, rout: 0
pc: 1304   | instruction: jump zero 1264    | N: 0, Z: 0 | t0: 0 , t1: 5 , t2: 0 , t3: 0 , a0: 2 , a1: 10, a2: 0 , s0: 0 , s1: 0 , s2: 0 , zero: 0, dr: 13, ra: 160, sp: 4091, tr: 0 | rin : 24, rout: 0
pc: 1264   | instruction: nop               | N: 0, Z: 0 | t0: 0 , t1: 5 , t2: 0 , t3: 0 , a0: 2 , a1: 10, a2: 0 , s0: 0 , s1: 0 , s2: 0 , zero: 0, dr: 13, ra: 160, sp: 4091, tr: 0 | rin : 24, rout: 0
pc: 1272   | instruction: be a0 zero 32     | N: 0, Z: 0 | t0: 0 , t1: 5 , t2: 0 , t3: 0 , a0: 2 , a1: 10, a2: 0 , s0: 0 , s1: 0 , s2: 0 , zero: 0, dr: 13, ra: 160, sp: 4091, tr: 0 | rin : 24, rout: 0
pc: 1280   | instruction: addI dr dr 1      | N: 0, Z: 0 | t0: 0 , t1: 5 , t2: 0 , t3: 0 , a0: 2 , a1: 10, a2: 0 , s0: 0 , s1: 0 , s2: 0 , zero: 0, dr: 13, ra: 160, sp: 4091, tr: 0 | rin : 24, rout: 0
pc: 1288   | instruction: lwi dr 0          | N: 0, Z: 0 | t0: 0 , t1: 5 , t2: 0 , t3: 0 , a0: 2 , a1: 10, a2: 0 , s0: 0 , s1: 0 , s2: 0 , zero: 0, dr: 14, ra: 160, sp: 4091, tr: 0 | rin : 24, rout: 0
pc: 1296   | instruction: subI a0 a0 1      | N: 0, Z: 0 | t0: 0 , t1: 5 , t2: 0 , t3: 0 , a0: 2 , a1: 10, a2: 0 , s0: 0 , s1: 0 , s2: 0 , zero: 0, dr: 14, ra: 160, sp: 4091, tr: 0 | rin : 32, rout: 0
pc: 1304   | instruction: jump zero 1264    | N: 0, Z: 0 | t0: 0 , t1: 5 , t2: 0 , t3: 0 , a0: 1 , a1: 10, a2: 0 , s0: 0 , s1: 0 , s2: 0 , zero: 0, dr: 14, ra: 160, sp: 4091, tr: 0 | rin : 32, rout: 0
pc: 1264   | instruction: nop               | N: 0, Z: 0 | t0: 0 , t1: 5 , t2: 0 , t3: 0 , a0: 1 , a1: 10, a2: 0 , s0: 0 , s1: 0 , s2: 0 , zero: 0, dr: 14, ra: 160, sp: 4091, tr: 0 | rin : 32, rout: 0
pc: 1272   | instruction: be a0 zero 32     | N: 0, Z: 0 | t0: 0 , t1: 5 , t2: 0 , t3: 0 , a0: 1 , a1: 10, a2: 0 , s0: 0 , s1: 0 , s2: 0 , zero: 0, dr: 14, ra: 160, sp: 4091, tr: 0 | rin : 32, rout: 0
pc: 1280   | instruction: addI dr dr 1      | N: 0, Z: 0 | t0: 0 , t1: 5 , t2: 0 , t3: 0 , a0: 1 , a1: 10, a2: 0 , s0: 0 , s1: 0 , s2: 0 , zero: 0, dr: 14, ra: 160, sp: 4091, tr: 0 | rin : 32, rout: 0
pc: 1288   | instruction: lwi dr 0          | N: 0, Z: 0 | t0: 0 , t1: 5 , t2: 0 , t3: 0 , a0: 1 , a1: 10, a2: 0 , s0: 0 , s1: 0 , s2: 0 , zero: 0, dr: 15, ra: 160, sp: 4091, tr: 0 | rin : 32, rout: 0
pc: 1296   | instruction: subI a0 a0 1      | N: 0, Z: 0 | t0: 0 , t1: 5 , t2: 0 , t3: 0 , a0: 1 , a1: 10, a2: 0 , s0: 0 , s1: 0 , s2: 0 , zero: 0, dr: 15, ra: 160, sp: 4091, tr: 0 | rin : 40, rout: 0
pc: 1304   | instruction: jump zero 1264    | N: 0, Z: 1 | t0: 0 , t1: 5 , t2: 0 , t3: 0 , a0: 0 , a1: 10, a2: 0 , s0: 0 , s1: 0 , s2: 0 , zero: 0, dr: 15, ra: 160, sp: 4091, tr: 0 | rin : 40, rout: 0
pc: 1264   | instruction: nop               | N: 0, Z: 1 | t0: 0 , t1: 5 , t2: 0 , t3: 0 , a0: 0 , a1: 10, a2: 0 , s0: 0 , s1: 0 , s2: 0 , zero: 0, dr: 15, ra: 160, sp: 4091, tr: 0 | rin : 40, rout: 0
pc: 1272   | instruction: be a0 zero 32     | N: 0, Z: 1 | t0: 0 , t1: 5 , t2: 0 , t3: 0 , a0: 0 , a1: 10, a2: 0 , s0: 0 , s1: 0 , s2: 0 , zero: 0, dr: 15, ra: 160, sp: 4091, tr: 0 | rin : 40, rout: 0
pc: 1312   | instruction: nop               | N: 0, Z: 1 | t0: 0 , t1: 5 , t2: 0 , t3: 0 , a0: 0 , a1: 10, a2: 0 , s0: 0 , s1: 0 , s2: 0 , zero: 0, dr: 15, ra: 160, sp: 4091, tr: 0 | rin : 40, rout: 0
pc: 1320   | instruction: add a0 a1 zero    | N: 0, Z: 1 | t0: 0 , t1: 5 , t2: 0 , t3: 0 , a0: 0 , a1: 10, a2: 0 , s0: 0 , s1: 0 , s2: 0 , zero: 0, dr: 15, ra: 160, sp: 4091, tr: 0 | rin : 40, rout: 0
pc: 1328   | instruction: addI dr dr 1      | N: 0, Z: 0 | t0: 0 , t1: 5 , t2: 0 , t3: 0 , a0: 10, a1: 10, a2: 0 , s0: 0 , s1: 0 , s2: 0 , zero: 0, dr: 15, ra: 160, sp: 4091, tr: 0 | rin : 40, rout: 0
pc: 1336   | instruction: ret               | N: 0, Z: 0 | t0: 0 , t1: 5 , t2: 0 , t3: 0 , a0: 10, a1: 10, a2: 0 , s0: 0 , s1: 0 , s2: 0 , zero: 0, dr: 16, ra: 160, sp: 4091, tr: 0 | rin : 40, rout: 0
pc: 176    | instruction: addI sp sp 1      | N: 0, Z: 0 | t0: 0 , t1: 5 , t2: 0 , t3: 0 , a0: 10, a1: 10, a2: 0 , s0: 0 , s1: 0 , s2: 0 , zero: 0, dr: 16, ra: 160, sp: 4091, tr: 0 | rin : 40, rout: 0
pc: 184    | instruction: lwm ra sp 0       | N: 0, Z: 0 | t0: 0 , t1: 5 , t2: 0 , t3: 0 , a0: 10, a1: 10, a2: 0 , s0: 0 , s1: 0 , s2: 0 , zero: 0, dr: 16, ra: 160, sp: 4092, tr: 0 | rin : 40, rout: 0
pc: 192    | instruction: addI sp sp 1      | N: 0, Z: 0 | t0: 0 , t1: 5 , t2: 0 , t3: 0 , a0: 10, a1: 10, a2: 0 , s0: 0 , s1: 0 , s2: 0 , zero: 0, dr: 16, ra: 16, sp: 4092, tr: 0 | rin : 40, rout: 0
pc: 200    | instruction: lwm t0 sp 0       | N: 0, Z: 0 | t0: 0 , t1: 5 , t2: 0 , t3: 0 , a0: 10, a1: 10, a2: 0 , s0: 0 , s1: 0 , s2: 0 , zero: 0, dr: 16, ra: 16, sp: 4093, tr: 0 | rin : 40, rout: 0
pc: 208    | instruction: addI sp sp 1      | N: 0, Z: 0 | t0: 0 , t1: 5 , t2: 0 , t3: 0 , a0: 10, a1: 10, a2: 0 , s0: 0 , s1: 0 , s2: 0 , zero: 0, dr: 16, ra: 16, sp: 4093, tr: 0 | rin : 40, rout: 0
pc: 216    | instruction: lwm t1 sp 0       | N: 0, Z: 0 | t0: 0 , t1: 5 , t2: 0 , t3: 0 , a0: 10, a1: 10, a2: 0 , s0: 0 , s1: 0 , s2: 0 , zero: 0, dr: 16, ra: 16, sp: 4094, tr: 0 | rin : 40, rout: 0
pc: 224    | instruction: addI sp sp 1      | N: 0, Z: 0 | t0: 0 , t1: 5 , t2: 0 , t3: 0 , a0: 10, a1: 10, a2: 0 , s0: 0 , s1: 0 , s2: 0 , zero: 0, dr: 16, ra: 16, sp: 4094, tr: 0 | rin : 40, rout: 0
pc: 232    | instruction: lwm t0 sp 0       | N: 0, Z: 0 | t0: 0 , t1: 5 , t2: 0 , t3: 0 , a0: 10, a1: 10, a2: 0 , s0: 0 , s1: 0 , s2: 0 , zero: 0, dr: 16, ra: 16, sp: 4095, tr: 0 | rin : 40, rout: 0
pc: 240    | instruction: addI t2 zero 8    | N: 0, Z: 0 | t0: 0 , t1: 5 , t2: 0 , t3: 0 , a0: 10, a1: 10, a2: 0 , s0: 0 , s1: 0 , s2: 0 , zero: 0, dr: 16, ra: 16, sp: 4095, tr: 0 | rin : 40, rout: 0
pc: 248    | instruction: add t3 a0 zero    | N: 0, Z: 0 | t0: 0 , t1: 5 , t2: 8 , t3: 0 , a0: 10, a1: 10, a2: 0 , s0: 0 , s1: 0 , s2: 0 , zero: 0, dr: 16, ra: 16, sp: 4095, tr: 0 | rin : 40, rout: 0
pc: 256    | instruction: swm t0 sp 0       | N: 0, Z: 0 | t0: 0 , t1: 5 , t2: 8 , t3: 10, a0: 10, a1: 10, a2: 0 , s0: 0 , s1: 0 , s2: 0 , zero: 0, dr: 16, ra: 16, sp: 4095, tr: 0 | rin : 40, rout: 0
pc: 264    | instruction: subI sp sp 1      | N: 0, Z: 0 | t0: 0 , t1: 5 , t2: 8 , t3: 10, a0: 10, a1: 10, a2: 0 , s0: 0 , s1: 0 , s2: 0 , zero: 0, dr: 16, ra: 16, sp: 4095, tr: 0 | rin : 40, rout: 0
pc: 272    | instruction: swm t1 sp 0       | N: 0, Z: 0 | t0: 0 , t1: 5 , t2: 8 , t3: 10, a0: 10, a1: 10, a2: 0 , s0: 0 , s1: 0 , s2: 0 , zero: 0, dr: 16, ra: 16, sp: 4094, tr: 0 | rin : 40, rout: 0
pc: 280    | instruction: subI sp sp 1      | N: 0, Z: 0 | t0: 0 , t1: 5 , t2: 8 , t3: 10, a0: 10, a1: 10, a2: 0 , s0: 0 , s1: 0 , s2: 0 , zero: 0, dr: 16, ra: 16, sp: 4094, tr: 0 | rin : 40, rout: 0
pc: 288    | instruction: swm t3 sp 0       | N: 0, Z: 0 | t0: 0 , t1: 5 , t2: 8 , t3: 10, a0: 10, a1: 10, a2: 0 , s0: 0 , s1: 0 , s2: 0 , zero: 0, dr: 16, ra: 16, sp: 4093, tr: 0 | rin : 40, rout: 0
pc: 296    | instruction: subI sp sp 1      | N: 0, Z: 0 | t0: 0 , t1: 5 , t2: 8 , t3: 10, a0: 10, a1: 10, a2: 0 , s0: 0 , s1: 0 , s2: 0 , zero: 0, dr: 16, ra: 16, sp: 4093, tr: 0 | rin : 40, rout: 0
pc: 304    | instruction: swm t2 sp 0       | N: 0, Z: 0 | t0: 0 , t1: 5 , t2: 8 , t3: 10, a0: 10, a1: 10, a2: 0 , s0: 0 , s1: 0 , s2: 0 , zero: 0, dr: 16, ra: 16, sp: 4092, tr: 0 | rin : 40, rout: 0
pc: 312    | instruction: subI sp sp 1      | N: 0, Z: 0 | t0: 0 , t1: 5 , t2: 8 , t3: 10, a0: 10, a1: 10, a2: 0 , s0: 0 , s1: 0 , s2: 0 , zero: 0, dr: 16, ra: 16, sp: 4092, tr: 0 | rin : 40, rout: 0
pc: 320    | instruction: swm t0 sp 0       | N: 0, Z: 0 | t0: 0 , t1: 5 , t2: 8 , t3: 10, a0: 10, a1: 10, a2: 0 , s0: 0 , s1: 0 , s2: 0 , zero: 0, dr: 16, ra: 16, sp: 4091, tr: 0 | rin : 40, rout: 0
pc: 328    | instruction: subI sp sp 1      | N: 0, Z: 0 | t0: 0 , t1: 5 , t2: 8 , t3: 10, a0: 10, a1: 10, a2: 0 , s0: 0 , s1: 0 , s2: 0 , zero: 0, dr: 16, ra: 16, sp: 4091, tr: 0 | rin : 40, rout: 0
pc: 336    | instruction: swm t3 sp 0       | N: 0, Z: 0 | t0: 0 , t1: 5 , t2: 8 , t3: 10, a0: 10, a1: 10, a2: 0 , s0: 0 , s1: 0 , s2: 0 , zero: 0, dr: 16, ra: 16, sp: 4090, tr: 0 | rin : 40, rout: 0
pc: 344    | instruction: subI sp sp 1      | N: 0, Z: 0 | t0: 0 , t1: 5 , t2: 8 , t3: 10, a0: 10, a1: 10, a2: 0 , s0: 0 , s1: 0 , s2: 0 , zero: 0, dr: 16, ra: 16, sp: 4090, tr: 0 | rin : 40, rout: 0
pc: 352    | instruction: swm t2 sp 0       | N: 0, Z: 0 | t0: 0 , t1: 5 , t2: 8 , t3: 10, a0: 10, a1: 10, a2: 0 , s0: 0 , s1: 0 , s2: 0 , zero: 0, dr: 16, ra: 16, sp: 4089, tr: 0 | rin : 40, rout: 0
pc: 360    | instruction: subI sp sp 1      | N: 0, Z: 0 | t0: 0 , t1: 5 , t2: 8 , t3: 10, a0: 10, a1: 10, a2: 0 , s0: 0 , s1: 0 , s2: 0 , zero: 0, dr: 16, ra: 16, sp: 4089, tr: 0 | rin : 40, rout: 0
pc: 368    | instruction: add a0 t0 zero    | N: 0, Z: 0 | t0: 0 , t1: 5 , t2: 8 , t3: 10, a0: 10, a1: 10, a2: 0 , s0: 0 , s1: 0 , s2: 0 , zero: 0, dr: 16, ra: 16, sp: 4088, tr: 0 | rin : 40, rout: 0
pc: 376    | instruction: add a1 t3 zero    | N: 0, Z: 1 | t0: 0 , t1: 5 , t2: 8 , t3: 10, a0: 0 , a1: 10, a2: 0 , s0: 0 , s1: 0 , s2: 0 , zero: 0, dr: 16, ra: 16, sp: 4088, tr: 0 | rin : 40, rout: 0
pc: 384    | instruction: swm ra sp 0       | N: 0, Z: 0 | t0: 0 , t1: 5 , t2: 8 , t3: 10, a0: 0 , a1: 10, a2: 0 , s0: 0 , s1: 0 , s2: 0 , zero: 0, dr: 16, ra: 16, sp: 4088, tr: 0 | rin : 40, rout: 0
pc: 392    | instruction: subI sp sp 1      | N: 0, Z: 0 | t0: 0 , t1: 5 , t2: 8 , t3: 10, a0: 0 , a1: 10, a2: 0 , s0: 0 , s1: 0 , s2: 0 , zero: 0, dr: 16, ra: 16, sp: 4088, tr: 0 | rin : 40, rout: 0
pc: 400    | instruction: savePC            | N: 0, Z: 0 | t0: 0 , t1: 5 , t2: 8 , t3: 10, a0: 0 , a1: 10, a2: 0 , s0: 0 , s1: 0 , s2: 0 , zero: 0, dr: 16, ra: 16, sp: 4087, tr: 0 | rin : 40, rout: 0
pc: 408    | instruction: jump zero 1432    | N: 0, Z: 0 | t0: 0 , t1: 5 , t2: 8 , t3: 10, a0: 0 , a1: 10, a2: 0 , s0: 0 , s1: 0 , s2: 0 , zero: 0, dr: 16, ra: 400, sp: 4087, tr: 0 | rin : 40, rout: 0
pc: 1432   | instruction: nop               | N: 0, Z: 1 | t0: 0 , t1: 5 , t2: 8 , t3: 10, a0: 0 , a1: 10, a2: 0 , s0: 0 , s1: 0 , s2: 0 , zero: 0, dr: 16, ra: 400, sp: 4087, tr: 0 | rin : 40, rout: 0
pc: 1440   | instruction: add t3 dr zero    | N: 0, Z: 1 | t0: 0 , t1: 5 , t2: 8 , t3: 10, a0: 0 , a1: 10, a2: 0 , s0: 0 , s1: 0 , s2: 0 , zero: 0, dr: 16, ra: 400, sp: 4087, tr: 0 | rin : 40, rout: 0
pc: 1448   | instruction: lwm t0 a0 0       | N: 0, Z: 0 | t0: 0 , t1: 5 , t2: 8 , t3: 16, a0: 0 , a1: 10, a2: 0 , s0: 0 , s1: 0 , s2: 0 , zero: 0, dr: 16, ra: 400, sp: 4087, tr: 0 | rin : 40, rout: 0
pc: 1456   | instruction: lwm t1 a1 0       | N: 0, Z: 1 | t0: 7 , t1: 5 , t2: 8 , t3: 16, a0: 0 , a1: 10, a2: 0 , s0: 0 , s1: 0 , s2: 0 , zero: 0, dr: 16, ra: 400, sp: 4087, tr: 0 | rin : 40, rout: 0
pc: 1464   | instruction: add t2 t0 t1      | N: 0, Z: 0 | t0: 7 , t1: 5 , t2: 8 , t3: 16, a0: 0 , a1: 10, a2: 0 , s0: 0 , s1: 0 , s2: 0 , zero: 0, dr: 16, ra: 400, sp: 4087, tr: 0 | rin : 40, rout: 0
pc: 1472   | instruction: swm t2 dr 0       | N: 0, Z: 0 | t0: 7 , t1: 5 , t2: 12, t3: 16, a0: 0 , a1: 10, a2: 0 , s0: 0 , s1: 0 , s2: 0 , zero: 0, dr: 16, ra: 400, sp: 4087, tr: 0 | rin : 40, rout: 0
pc: 1480   | instruction: nop               | N: 0, Z: 0 | t0: 7 , t1: 5 , t2: 12, t3: 16, a0: 0 , a1: 10, a2: 0 , s0: 0 , s1: 0 , s2: 0 , zero: 0, dr: 16, ra: 400, sp: 4087, tr: 0 | rin : 40, rout: 0
pc: 1488   | instruction: be t0 zero 48     | N: 0, Z: 0 | t0: 7 , t1: 5 , t2: 12, t3: 16, a0: 0 , a1: 10, a2: 0 , s0: 0 , s1: 0 , s2: 0 , zero: 0, dr: 16, ra: 400, sp: 4087, tr: 0 | rin : 40, rout: 0
pc: 1496   | instruction: addI dr dr 1      | N: 0, Z: 0 | t0: 7 , t1: 5 , t2: 12, t3: 16, a0: 0 , a1: 10, a2: 0 , s0: 0 , s1: 0 , s2: 0 , zero: 0, dr: 16, ra: 400, sp: 4087, tr: 0 | rin : 40, rout: 0
pc: 1504   | instruction: addI a0 a0 1      | N: 0, Z: 0 | t0: 7 , t1: 5 , t2: 12, t3: 16, a0: 0 , a1: 10, a2: 0 , s0: 0 , s1: 0 , s2: 0 , zero: 0, dr: 17, ra: 400, sp: 4087, tr: 0 | rin : 40, rout: 0
pc: 1512   | instruction: lwm tr a0 0       | N: 0, Z: 0 | t0: 7 , t1: 5 , t2: 12, t3: 16, a0: 1 , a1: 10, a2: 0 , s0: 0 , s1: 0 , s2: 0 , zero: 0, dr: 17, ra: 400, sp: 4087, tr: 0 | rin : 40, rout: 0
pc: 1520   | instruction: swm tr dr 0       | N: 0, Z: 0 | t0: 7 , t1: 5 , t2: 12, t3: 16, a0: 1 , a1: 10, a2: 0 , s0: 0 , s1: 0 , s2: 0 , zero: 0, dr: 17, ra: 400, sp: 4087, tr: 72 | rin : 40, rout: 0

Exit code: |-
Halt: Stopping execution
Stdout: |-
Hello, Alice!
Total: |-
507 instructions executed
