Source: |-
gcd(x, y) = If x == 0 Then y Else gcd(y % x, x);
lcm(x, y) = x * y / gcd(x, y);
findDiv(acc, l, r) = If l == r Then acc Else findDiv(lcm(acc, l), l + 1, r);
main() = outputInt(findDiv(1, 1, 21));
Instructions: |-
call main
halt
gcd:
addI t0 zero 0
bel a0 t0 _l0
mod t2 a1 a0
add t3 a0 zero
swm t0 sp 0
subI sp sp 1
swm t1 sp 0
subI sp sp 1
swm t2 sp 0
subI sp sp 1
swm t3 sp 0
subI sp sp 1
swm a1 sp 0
subI sp sp 1
add a0 t2 zero
add a1 t3 zero
call gcd
addI sp sp 1
lwm a1 sp 0
addI sp sp 1
lwm t3 sp 0
addI sp sp 1
lwm t2 sp 0
addI sp sp 1
lwm t1 sp 0
addI sp sp 1
lwm t0 sp 0
add a2 a0 zero
swm t0 sp 0
subI sp sp 1
swm t1 sp 0
subI sp sp 1
swm t2 sp 0
subI sp sp 1
swm a2 sp 0
subI sp sp 1
swm t3 sp 0
subI sp sp 1
swm a1 sp 0
subI sp sp 1
add a0 a2 zero
call id
addI sp sp 1
lwm a1 sp 0
addI sp sp 1
lwm t3 sp 0
addI sp sp 1
lwm a2 sp 0
addI sp sp 1
lwm t2 sp 0
addI sp sp 1
lwm t1 sp 0
addI sp sp 1
lwm t0 sp 0
add t1 a0 zero
jumpl _l1
_l0:
add t2 a0 zero
swm t0 sp 0
subI sp sp 1
swm t1 sp 0
subI sp sp 1
swm t2 sp 0
subI sp sp 1
swm a1 sp 0
subI sp sp 1
add a0 a1 zero
call id
addI sp sp 1
lwm a1 sp 0
addI sp sp 1
lwm t2 sp 0
addI sp sp 1
lwm t1 sp 0
addI sp sp 1
lwm t0 sp 0
add t1 a0 zero
_l1:
add a0 t1 zero
ret
lcm:
mul t0 a0 a1
add t1 a0 zero
swm t0 sp 0
subI sp sp 1
swm t1 sp 0
subI sp sp 1
swm a1 sp 0
subI sp sp 1
add a0 t1 zero
add a1 a1 zero
call gcd
addI sp sp 1
lwm a1 sp 0
addI sp sp 1
lwm t1 sp 0
addI sp sp 1
lwm t0 sp 0
div t2 t0 a0
add a0 t2 zero
ret
findDiv:
bel a1 a2 _l2
add t1 a0 zero
swm t0 sp 0
subI sp sp 1
swm t1 sp 0
subI sp sp 1
swm a1 sp 0
subI sp sp 1
swm a2 sp 0
subI sp sp 1
add a0 t1 zero
add a1 a1 zero
call lcm
addI sp sp 1
lwm a2 sp 0
addI sp sp 1
lwm a1 sp 0
addI sp sp 1
lwm t1 sp 0
addI sp sp 1
lwm t0 sp 0
addI t2 zero 1
add t3 a1 t2
add s0 a0 zero
swm t2 sp 0
subI sp sp 1
swm t3 sp 0
subI sp sp 1
swm t0 sp 0
subI sp sp 1
swm t1 sp 0
subI sp sp 1
swm a1 sp 0
subI sp sp 1
swm a2 sp 0
subI sp sp 1
add a0 s0 zero
add a1 t3 zero
add a2 a2 zero
call findDiv
addI sp sp 1
lwm a2 sp 0
addI sp sp 1
lwm a1 sp 0
addI sp sp 1
lwm t1 sp 0
addI sp sp 1
lwm t0 sp 0
addI sp sp 1
lwm t3 sp 0
addI sp sp 1
lwm t2 sp 0
add s1 a0 zero
swm t2 sp 0
subI sp sp 1
swm t3 sp 0
subI sp sp 1
swm t0 sp 0
subI sp sp 1
swm t1 sp 0
subI sp sp 1
swm a1 sp 0
subI sp sp 1
swm a2 sp 0
subI sp sp 1
add a0 s1 zero
call id
addI sp sp 1
lwm a2 sp 0
addI sp sp 1
lwm a1 sp 0
addI sp sp 1
lwm t1 sp 0
addI sp sp 1
lwm t0 sp 0
addI sp sp 1
lwm t3 sp 0
addI sp sp 1
lwm t2 sp 0
add t0 a0 zero
jumpl _l3
_l2:
add t1 a0 zero
swm t0 sp 0
subI sp sp 1
swm t1 sp 0
subI sp sp 1
swm a1 sp 0
subI sp sp 1
swm a2 sp 0
subI sp sp 1
add a0 t1 zero
call id
addI sp sp 1
lwm a2 sp 0
addI sp sp 1
lwm a1 sp 0
addI sp sp 1
lwm t1 sp 0
addI sp sp 1
lwm t0 sp 0
add t0 a0 zero
_l3:
add a0 t0 zero
ret
main:
addI t0 zero 1
addI t1 zero 1
addI t2 zero 21
add t3 a0 zero
swm t0 sp 0
subI sp sp 1
swm t1 sp 0
subI sp sp 1
swm t2 sp 0
subI sp sp 1
add a0 t0 zero
add a1 t1 zero
add a2 t2 zero
call findDiv
addI sp sp 1
lwm t2 sp 0
addI sp sp 1
lwm t1 sp 0
addI sp sp 1
lwm t0 sp 0
add t3 a0 zero
swm t0 sp 0
subI sp sp 1
swm t1 sp 0
subI sp sp 1
swm t2 sp 0
subI sp sp 1
swm t3 sp 0
subI sp sp 1
add a0 t3 zero
call outputInt
addI sp sp 1
lwm t3 sp 0
addI sp sp 1
lwm t2 sp 0
addI sp sp 1
lwm t1 sp 0
addI sp sp 1
lwm t0 sp 0
add a0 a0 zero
ret
input:
swm a0 dr 0
add a1 dr zero
_loop:
bel a0 zero _end
addI dr dr 1
lwi dr 0
subI a0 a0 1
jumpl _loop
_end:
add a0 a1 zero
addI dr dr 1
ret
output:
lwm t0 a0 0
_loop:
bel t0 zero _end
addI a0 a0 1
swo a0 0
subI t0 t0 1
jumpl _loop
_end:
addI dr dr 1
ret
addLists:
add t3 dr zero
lwm t0 a0 0
lwm t1 a1 0
add t2 t0 t1
swm t2 dr 0
_loop1:
bel t0 zero _loop2
addI dr dr 1
addI a0 a0 1
lwm tr a0 0
swm tr dr 0
subI t0 t0 1
jumpl _loop1
_loop2:
bel t1 zero _end
addI dr dr 1
addI a1 a1 1
lwm tr a1 0
swm tr dr 0
subI t1 t1 1
jumpl _loop2
_end:
add a0 t3 zero
addI dr dr 1
ret
head:
lwm a0 a0 1
ret
tail:
add t3 dr zero
lwm t0 a0 0
addI a0 a0 1
subI t0 t0 1
swm t0 dr 0
_loop:
bel t0 zero _end
addI a0 a0 1
addI dr dr 1
lwm tr a0 0
swm tr dr 0
subI t0 t0 4
jumpl _loop
_end:
add a0 t3 zero
addI dr dr 1
ret
outputChar:
swm a0 dr 0
swo dr 0
ret
outputInt:
bel a0 zero _output0
bll a0 zero _wsign
call outputPositiveInt
ret
_wsign:
swm s0 sp 0
subI sp sp 1
add s0 a0 zero
addI a0 zero 45
call outputChar
sub a0 zero s0
addI sp sp 1
lwm s0 sp 0
jumpl outputPositiveInt
_output0:
addI a0 zero 48
call outputChar
ret
outputPositiveInt:
bel a0 zero _end
swm a0 sp 0
subI sp sp 1
divI a0 a0 10
call outputPositiveInt
addI sp sp 1
lwm a0 sp 0
modI a0 a0 10
addI a0 a0 48
call outputChar
_end:
ret
id:
ret

Data Memory: |-
[]
Stdin: |-
x
Ticks: |-
pc: 0      | instruction: swm ra sp 0       | N: 0, Z: 1 | t0: 0 , t1: 0 , t2: 0 , t3: 0 , a0: 0 , a1: 0 , a2: 0 , s0: 0 , s1: 0 , s2: 0 , zero: 0, dr: 0 , ra: 0 , sp: 4096, tr: 0 | rin : 0, rout: 0
pc: 8      | instruction: subI sp sp 1      | N: 0, Z: 0 | t0: 0 , t1: 0 , t2: 0 , t3: 0 , a0: 0 , a1: 0 , a2: 0 , s0: 0 , s1: 0 , s2: 0 , zero: 0, dr: 0 , ra: 0 , sp: 4096, tr: 0 | rin : 0, rout: 0
pc: 16     | instruction: savePC            | N: 0, Z: 0 | t0: 0 , t1: 0 , t2: 0 , t3: 0 , a0: 0 , a1: 0 , a2: 0 , s0: 0 , s1: 0 , s2: 0 , zero: 0, dr: 0 , ra: 0 , sp: 4095, tr: 0 | rin : 0, rout: 0
pc: 24     | instruction: jump zero 2040    | N: 0, Z: 0 | t0: 0 , t1: 0 , t2: 0 , t3: 0 , a0: 0 , a1: 0 , a2: 0 , s0: 0 , s1: 0 , s2: 0 , zero: 0, dr: 0 , ra: 16, sp: 4095, tr: 0 | rin : 0, rout: 0
pc: 2040   | instruction: nop               | N: 0, Z: 1 | t0: 0 , t1: 0 , t2: 0 , t3: 0 , a0: 0 , a1: 0 , a2: 0 , s0: 0 , s1: 0 , s2: 0 , zero: 0, dr: 0 , ra: 16, sp: 4095, tr: 0 | rin : 0, rout: 0
pc: 2048   | instruction: addI t0 zero 1    | N: 0, Z: 1 | t0: 0 , t1: 0 , t2: 0 , t3: 0 , a0: 0 , a1: 0 , a2: 0 , s0: 0 , s1: 0 , s2: 0 , zero: 0, dr: 0 , ra: 16, sp: 4095, tr: 0 | rin : 0, rout: 0
pc: 2056   | instruction: addI t1 zero 1    | N: 0, Z: 0 | t0: 1 , t1: 0 , t2: 0 , t3: 0 , a0: 0 , a1: 0 , a2: 0 , s0: 0 , s1: 0 , s2: 0 , zero: 0, dr: 0 , ra: 16, sp: 4095, tr: 0 | rin : 0, rout: 0
pc: 2064   | instruction: addI t2 zero 21   | N: 0, Z: 0 | t0: 1 , t1: 1 , t2: 0 , t3: 0 , a0: 0 , a1: 0 , a2: 0 , s0: 0 , s1: 0 , s2: 0 , zero: 0, dr: 0 , ra: 16, sp: 4095, tr: 0 | rin : 0, rout: 0
pc: 2072   | instruction: add t3 a0 zero    | N: 0, Z: 0 | t0: 1 , t1: 1 , t2: 21, t3: 0 , a0: 0 , a1: 0 , a2: 0 , s0: 0 , s1: 0 , s2: 0 , zero: 0, dr: 0 , ra: 16, sp: 4095, tr: 0 | rin : 0, rout: 0
pc: 2080   | instruction: swm t0 sp 0       | N: 0, Z: 1 | t0: 1 , t1: 1 , t2: 21, t3: 0 , a0: 0 , a1: 0 , a2: 0 , s0: 0 , s1: 0 , s2: 0 , zero: 0, dr: 0 , ra: 16, sp: 4095, tr: 0 | rin : 0, rout: 0
pc: 2088   | instruction: subI sp sp 1      | N: 0, Z: 0 | t0: 1 , t1: 1 , t2: 21, t3: 0 , a0: 0 , a1: 0 , a2: 0 , s0: 0 , s1: 0 , s2: 0 , zero: 0, dr: 0 , ra: 16, sp: 4095, tr: 0 | rin : 0, rout: 0
pc: 2096   | instruction: swm t1 sp 0       | N: 0, Z: 0 | t0: 1 , t1: 1 , t2: 21, t3: 0 , a0: 0 , a1: 0 , a2: 0 , s0: 0 , s1: 0 , s2: 0 , zero: 0, dr: 0 , ra: 16, sp: 4094, tr: 0 | rin : 0, rout: 0
pc: 2104   | instruction: subI sp sp 1      | N: 0, Z: 0 | t0: 1 , t1: 1 , t2: 21, t3: 0 , a0: 0 , a1: 0 , a2: 0 , s0: 0 , s1: 0 , s2: 0 , zero: 0, dr: 0 , ra: 16, sp: 4094, tr: 0 | rin : 0, rout: 0
pc: 2112   | instruction: swm t2 sp 0       | N: 0, Z: 0 | t0: 1 , t1: 1 , t2: 21, t3: 0 , a0: 0 , a1: 0 , a2: 0 , s0: 0 , s1: 0 , s2: 0 , zero: 0, dr: 0 , ra: 16, sp: 4093, tr: 0 | rin : 0, rout: 0
pc: 2120   | instruction: subI sp sp 1      | N: 0, Z: 0 | t0: 1 , t1: 1 , t2: 21, t3: 0 , a0: 0 , a1: 0 , a2: 0 , s0: 0 , s1: 0 , s2: 0 , zero: 0, dr: 0 , ra: 16, sp: 4093, tr: 0 | rin : 0, rout: 0
pc: 2128   | instruction: add a0 t0 zero    | N: 0, Z: 0 | t0: 1 , t1: 1 , t2: 21, t3: 0 , a0: 0 , a1: 0 , a2: 0 , s0: 0 , s1: 0 , s2: 0 , zero: 0, dr: 0 , ra: 16, sp: 4092, tr: 0 | rin : 0, rout: 0
pc: 2136   | instruction: add a1 t1 zero    | N: 0, Z: 0 | t0: 1 , t1: 1 , t2: 21, t3: 0 , a0: 1 , a1: 0 , a2: 0 , s0: 0 , s1: 0 , s2: 0 , zero: 0, dr: 0 , ra: 16, sp: 4092, tr: 0 | rin : 0, rout: 0
pc: 2144   | instruction: add a2 t2 zero    | N: 0, Z: 0 | t0: 1 , t1: 1 , t2: 21, t3: 0 , a0: 1 , a1: 1 , a2: 0 , s0: 0 , s1: 0 , s2: 0 , zero: 0, dr: 0 , ra: 16, sp: 4092, tr: 0 | rin : 0, rout: 0
pc: 2152   | instruction: swm ra sp 0       | N: 0, Z: 0 | t0: 1 , t1: 1 , t2: 21, t3: 0 , a0: 1 , a1: 1 , a2: 21, s0: 0 , s1: 0 , s2: 0 , zero: 0, dr: 0 , ra: 16, sp: 4092, tr: 0 | rin : 0, rout: 0
pc: 2160   | instruction: subI sp sp 1      | N: 0, Z: 0 | t0: 1 , t1: 1 , t2: 21, t3: 0 , a0: 1 , a1: 1 , a2: 21, s0: 0 , s1: 0 , s2: 0 , zero: 0, dr: 0 , ra: 16, sp: 4092, tr: 0 | rin : 0, rout: 0
pc: 2168   | instruction: savePC            | N: 0, Z: 0 | t0: 1 , t1: 1 , t2: 21, t3: 0 , a0: 1 , a1: 1 , a2: 21, s0: 0 , s1: 0 , s2: 0 , zero: 0, dr: 0 , ra: 16, sp: 4091, tr: 0 | rin : 0, rout: 0
pc: 2176   | instruction: jump zero 1032    | N: 0, Z: 0 | t0: 1 , t1: 1 , t2: 21, t3: 0 , a0: 1 , a1: 1 , a2: 21, s0: 0 , s1: 0 , s2: 0 , zero: 0, dr: 0 , ra: 2168, sp: 4091, tr: 0 | rin : 0, rout: 0
pc: 1032   | instruction: nop               | N: 0, Z: 1 | t0: 1 , t1: 1 , t2: 21, t3: 0 , a0: 1 , a1: 1 , a2: 21, s0: 0 , s1: 0 , s2: 0 , zero: 0, dr: 0 , ra: 2168, sp: 4091, tr: 0 | rin : 0, rout: 0
pc: 1040   | instruction: be a1 a2 760      | N: 0, Z: 1 | t0: 1 , t1: 1 , t2: 21, t3: 0 , a0: 1 , a1: 1 , a2: 21, s0: 0 , s1: 0 , s2: 0 , zero: 0, dr: 0 , ra: 2168, sp: 4091, tr: 0 | rin : 0, rout: 0
pc: 1048   | instruction: add t1 a0 zero    | N: 1, Z: 0 | t0: 1 , t1: 1 , t2: 21, t3: 0 , a0: 1 , a1: 1 , a2: 21, s0: 0 , s1: 0 , s2: 0 , zero: 0, dr: 0 , ra: 2168, sp: 4091, tr: 0 | rin : 0, rout: 0
pc: 1056   | instruction: swm t0 sp 0       | N: 0, Z: 0 | t0: 1 , t1: 1 , t2: 21, t3: 0 , a0: 1 , a1: 1 , a2: 21, s0: 0 , s1: 0 , s2: 0 , zero: 0, dr: 0 , ra: 2168, sp: 4091, tr: 0 | rin : 0, rout: 0
pc: 1064   | instruction: subI sp sp 1      | N: 0, Z: 0 | t0: 1 , t1: 1 , t2: 21, t3: 0 , a0: 1 , a1: 1 , a2: 21, s0: 0 , s1: 0 , s2: 0 , zero: 0, dr: 0 , ra: 2168, sp: 4091, tr: 0 | rin : 0, rout: 0
pc: 1072   | instruction: swm t1 sp 0       | N: 0, Z: 0 | t0: 1 , t1: 1 , t2: 21, t3: 0 , a0: 1 , a1: 1 , a2: 21, s0: 0 , s1: 0 , s2: 0 , zero: 0, dr: 0 , ra: 2168, sp: 4090, tr: 0 | rin : 0, rout: 0
pc: 1080   | instruction: subI sp sp 1      | N: 0, Z: 0 | t0: 1 , t1: 1 , t2: 21, t3: 0 , a0: 1 , a1: 1 , a2: 21, s0: 0 , s1: 0 , s2: 0 , zero: 0, dr: 0 , ra: 2168, sp: 4090, tr: 0 | rin : 0, rout: 0
pc: 1088   | instruction: swm a1 sp 0       | N: 0, Z: 0 | t0: 1 , t1: 1 , t2: 21, t3: 0 , a0: 1 , a1: 1 , a2: 21, s0: 0 , s1: 0 , s2: 0 , zero: 0, dr: 0 , ra: 2168, sp: 4089, tr: 0 | rin : 0, rout: 0
pc: 1096   | instruction: subI sp sp 1      | N: 0, Z: 0 | t0: 1 , t1: 1 , t2: 21, t3: 0 , a0: 1 , a1: 1 , a2: 21, s0: 0 , s1: 0 , s2: 0 , zero: 0, dr: 0 , ra: 2168, sp: 4089, tr: 0 | rin : 0, rout: 0
pc: 1104   | instruction: swm a2 sp 0       | N: 0, Z: 0 | t0: 1 , t1: 1 , t2: 21, t3: 0 , a0: 1 , a1: 1 , a2: 21, s0: 0 , s1: 0 , s2: 0 , zero: 0, dr: 0 , ra: 2168, sp: 4088, tr: 0 | rin : 0, rout: 0
pc: 1112   | instruction: subI sp sp 1      | N: 0, Z: 0 | t0: 1 , t1: 1 , t2: 21, t3: 0 , a0: 1 , a1: 1 , a2: 21, s0: 0 , s1: 0 , s2: 0 , zero: 0, dr: 0 , ra: 2168, sp: 4088, tr: 0 | rin : 0, rout: 0
pc: 1120   | instruction: add a0 t1 zero    | N: 0, Z: 0 | t0: 1 , t1: 1 , t2: 21, t3: 0 , a0: 1 , a1: 1 , a2: 21, s0: 0 , s1: 0 , s2: 0 , zero: 0, dr: 0 , ra: 2168, sp: 4087, tr: 0 | rin : 0, rout: 0
pc: 1128   | instruction: add a1 a1 zero    | N: 0, Z: 0 | t0: 1 , t1: 1 , t2: 21, t3: 0 , a0: 1 , a1: 1 , a2: 21, s0: 0 , s1: 0 , s2: 0 , zero: 0, dr: 0 , ra: 2168, sp: 4087, tr: 0 | rin : 0, rout: 0
pc: 1136   | instruction: swm ra sp 0       | N: 0, Z: 0 | t0: 1 , t1: 1 , t2: 21, t3: 0 , a0: 1 , a1: 1 , a2: 21, s0: 0 , s1: 0 , s2: 0 , zero: 0, dr: 0 , ra: 2168, sp: 4087, tr: 0 | rin : 0, rout: 0
pc: 1144   | instruction: subI sp sp 1      | N: 0, Z: 0 | t0: 1 , t1: 1 , t2: 21, t3: 0 , a0: 1 , a1: 1 , a2: 21, s0: 0 , s1: 0 , s2: 0 , zero: 0, dr: 0 , ra: 2168, sp: 4087, tr: 0 | rin : 0, rout: 0
pc: 1152   | instruction: savePC            | N: 0, Z: 0 | t0: 1 , t1: 1 , t2: 21, t3: 0 , a0: 1 , a1: 1 , a2: 21, s0: 0 , s1: 0 , s2: 0 , zero: 0, dr: 0 , ra: 2168, sp: 4086, tr: 0 | rin : 0, rout: 0
pc: 1160   | instruction: jump zero 824     | N: 0, Z: 0 | t0: 1 , t1: 1 , t2: 21, t3: 0 , a0: 1 , a1: 1 , a2: 21, s0: 0 , s1: 0 , s2: 0 , zero: 0, dr: 0 , ra: 1152, sp: 4086, tr: 0 | rin : 0, rout: 0
pc: 824    | instruction: nop               | N: 0, Z: 1 | t0: 1 , t1: 1 , t2: 21, t3: 0 , a0: 1 , a1: 1 , a2: 21, s0: 0 , s1: 0 , s2: 0 , zero: 0, dr: 0 , ra: 1152, sp: 4086, tr: 0 | rin : 0, rout: 0
pc: 832    | instruction: mul t0 a0 a1      | N: 0, Z: 1 | t0: 1 , t1: 1 , t2: 21, t3: 0 , a0: 1 , a1: 1 , a2: 21, s0: 0 , s1: 0 , s2: 0 , zero: 0, dr: 0 , ra: 1152, sp: 4086, tr: 0 | rin : 0, rout: 0
pc: 840    | instruction: add t1 a0 zero    | N: 0, Z: 0 | t0: 1 , t1: 1 , t2: 21, t3: 0 , a0: 1 , a1: 1 , a2: 21, s0: 0 , s1: 0 , s2: 0 , zero: 0, dr: 0 , ra: 1152, sp: 4086, tr: 0 | rin : 0, rout: 0
pc: 848    | instruction: swm t0 sp 0       | N: 0, Z: 0 | t0: 1 , t1: 1 , t2: 21, t3: 0 , a0: 1 , a1: 1 , a2: 21, s0: 0 , s1: 0 , s2: 0 , zero: 0, dr: 0 , ra: 1152, sp: 4086, tr: 0 | rin : 0, rout: 0
pc: 856    | instruction: subI sp sp 1      | N: 0, Z: 0 | t0: 1 , t1: 1 , t2: 21, t3: 0 , a0: 1 , a1: 1 , a2: 21, s0: 0 , s1: 0 , s2: 0 , zero: 0, dr: 0 , ra: 1152, sp: 4086, tr: 0 | rin : 0, rout: 0
pc: 864    | instruction: swm t1 sp 0       | N: 0, Z: 0 | t0: 1 , t1: 1 , t2: 21, t3: 0 , a0: 1 , a1: 1 , a2: 21, s0: 0 , s1: 0 , s2: 0 , zero: 0, dr: 0 , ra: 1152, sp: 4085, tr: 0 | rin : 0, rout: 0
pc: 872    | instruction: subI sp sp 1      | N: 0, Z: 0 | t0: 1 , t1: 1 , t2: 21, t3: 0 , a0: 1 , a1: 1 , a2: 21, s0: 0 , s1: 0 , s2: 0 , zero: 0, dr: 0 , ra: 1152, sp: 4085, tr: 0 | rin : 0, rout: 0
pc: 880    | instruction: swm a1 sp 0       | N: 0, Z: 0 | t0: 1 , t1: 1 , t2: 21, t3: 0 , a0: 1 , a1: 1 , a2: 21, s0: 0 , s1: 0 , s2: 0 , zero: 0, dr: 0 , ra: 1152, sp: 4084, tr: 0 | rin : 0, rout: 0
pc: 888    | instruction: subI sp sp 1      | N: 0, Z: 0 | t0: 1 , t1: 1 , t2: 21, t3: 0 , a0: 1 , a1: 1 , a2: 21, s0: 0 , s1: 0 , s2: 0 , zero: 0, dr: 0 , ra: 1152, sp: 4084, tr: 0 | rin : 0, rout: 0
pc: 896    | instruction: add a0 t1 zero    | N: 0, Z: 0 | t0: 1 , t1: 1 , t2: 21, t3: 0 , a0: 1 , a1: 1 , a2: 21, s0: 0 , s1: 0 , s2: 0 , zero: 0, dr: 0 , ra: 1152, sp: 4083, tr: 0 | rin : 0, rout: 0
pc: 904    | instruction: add a1 a1 zero    | N: 0, Z: 0 | t0: 1 , t1: 1 , t2: 21, t3: 0 , a0: 1 , a1: 1 , a2: 21, s0: 0 , s1: 0 , s2: 0 , zero: 0, dr: 0 , ra: 1152, sp: 4083, tr: 0 | rin : 0, rout: 0
pc: 912    | instruction: swm ra sp 0       | N: 0, Z: 0 | t0: 1 , t1: 1 , t2: 21, t3: 0 , a0: 1 , a1: 1 , a2: 21, s0: 0 , s1: 0 , s2: 0 , zero: 0, dr: 0 , ra: 1152, sp: 4083, tr: 0 | rin : 0, rout: 0
pc: 920    | instruction: subI sp sp 1      | N: 0, Z: 0 | t0: 1 , t1: 1 , t2: 21, t3: 0 , a0: 1 , a1: 1 , a2: 21, s0: 0 , s1: 0 , s2: 0 , zero: 0, dr: 0 , ra: 1152, sp: 4083, tr: 0 | rin : 0, rout: 0
pc: 928    | instruction: savePC            | N: 0, Z: 0 | t0: 1 , t1: 1 , t2: 21, t3: 0 , a0: 1 , a1: 1 , a2: 21, s0: 0 , s1: 0 , s2: 0 , zero: 0, dr: 0 , ra: 1152, sp: 4082, tr: 0 | rin : 0, rout: 0
pc: 936    | instruction: jump zero 56      | N: 0, Z: 0 | t0: 1 , t1: 1 , t2: 21, t3: 0 , a0: 1 , a1: 1 , a2: 21, s0: 0 , s1: 0 , s2: 0 , zero: 0, dr: 0 , ra: 928, sp: 4082, tr: 0 | rin : 0, rout: 0
pc: 56     | instruction: nop               | N: 0, Z: 1 | t0: 1 , t1: 1 , t2: 21, t3: 0 , a0: 1 , a1: 1 , a2: 21, s0: 0 , s1: 0 , s2: 0 , zero: 0, dr: 0 , ra: 928, sp: 4082, tr: 0 | rin : 0, rout: 0
pc: 64     | instruction: addI t0 zero 0    | N: 0, Z: 1 | t0: 1 , t1: 1 , t2: 21, t3: 0 , a0: 1 , a1: 1 , a2: 21, s0: 0 , s1: 0 , s2: 0 , zero: 0, dr: 0 , ra: 928, sp: 4082, tr: 0 | rin : 0, rout: 0
pc: 72     | instruction: be a0 t0 512      | N: 0, Z: 1 | t0: 0 , t1: 1 , t2: 21, t3: 0 , a0: 1 , a1: 1 , a2: 21, s0: 0 , s1: 0 , s2: 0 , zero: 0, dr: 0 , ra: 928, sp: 4082, tr: 0 | rin : 0, rout: 0
pc: 80     | instruction: mod t2 a1 a0      | N: 0, Z: 0 | t0: 0 , t1: 1 , t2: 21, t3: 0 , a0: 1 , a1: 1 , a2: 21, s0: 0 , s1: 0 , s2: 0 , zero: 0, dr: 0 , ra: 928, sp: 4082, tr: 0 | rin : 0, rout: 0
pc: 88     | instruction: add t3 a0 zero    | N: 0, Z: 1 | t0: 0 , t1: 1 , t2: 0 , t3: 0 , a0: 1 , a1: 1 , a2: 21, s0: 0 , s1: 0 , s2: 0 , zero: 0, dr: 0 , ra: 928, sp: 4082, tr: 0 | rin : 0, rout: 0
pc: 96     | instruction: swm t0 sp 0       | N: 0, Z: 0 | t0: 0 , t1: 1 , t2: 0 , t3: 1 , a0: 1 , a1: 1 , a2: 21, s0: 0 , s1: 0 , s2: 0 , zero: 0, dr: 0 , ra: 928, sp: 4082, tr: 0 | rin : 0, rout: 0
pc: 104    | instruction: subI sp sp 1      | N: 0, Z: 0 | t0: 0 , t1: 1 , t2: 0 , t3: 1 , a0: 1 , a1: 1 , a2: 21, s0: 0 , s1: 0 , s2: 0 , zero: 0, dr: 0 , ra: 928, sp: 4082, tr: 0 | rin : 0, rout: 0
pc: 112    | instruction: swm t1 sp 0       | N: 0, Z: 0 | t0: 0 , t1: 1 , t2: 0 , t3: 1 , a0: 1 , a1: 1 , a2: 21, s0: 0 , s1: 0 , s2: 0 , zero: 0, dr: 0 , ra: 928, sp: 4081, tr: 0 | rin : 0, rout: 0
pc: 120    | instruction: subI sp sp 1      | N: 0, Z: 0 | t0: 0 , t1: 1 , t2: 0 , t3: 1 , a0: 1 , a1: 1 , a2: 21, s0: 0 , s1: 0 , s2: 0 , zero: 0, dr: 0 , ra: 928, sp: 4081, tr: 0 | rin : 0, rout: 0
pc: 128    | instruction: swm t2 sp 0       | N: 0, Z: 0 | t0: 0 , t1: 1 , t2: 0 , t3: 1 , a0: 1 , a1: 1 , a2: 21, s0: 0 , s1: 0 , s2: 0 , zero: 0, dr: 0 , ra: 928, sp: 4080, tr: 0 | rin : 0, rout: 0
pc: 136    | instruction: subI sp sp 1      | N: 0, Z: 0 | t0: 0 , t1: 1 , t2: 0 , t3: 1 , a0: 1 , a1: 1 , a2: 21, s0: 0 , s1: 0 , s2: 0 , zero: 0, dr: 0 , ra: 928, sp: 4080, tr: 0 | rin : 0, rout: 0
pc: 144    | instruction: swm t3 sp 0       | N: 0, Z: 0 | t0: 0 , t1: 1 , t2: 0 , t3: 1 , a0: 1 , a1: 1 , a2: 21, s0: 0 , s1: 0 , s2: 0 , zero: 0, dr: 0 , ra: 928, sp: 4079, tr: 0 | rin : 0, rout: 0
pc: 152    | instruction: subI sp sp 1      | N: 0, Z: 0 | t0: 0 , t1: 1 , t2: 0 , t3: 1 , a0: 1 , a1: 1 , a2: 21, s0: 0 , s1: 0 , s2: 0 , zero: 0, dr: 0 , ra: 928, sp: 4079, tr: 0 | rin : 0, rout: 0
pc: 160    | instruction: swm a1 sp 0       | N: 0, Z: 0 | t0: 0 , t1: 1 , t2: 0 , t3: 1 , a0: 1 , a1: 1 , a2: 21, s0: 0 , s1: 0 , s2: 0 , zero: 0, dr: 0 , ra: 928, sp: 4078, tr: 0 | rin : 0, rout: 0
pc: 168    | instruction: subI sp sp 1      | N: 0, Z: 0 | t0: 0 , t1: 1 , t2: 0 , t3: 1 , a0: 1 , a1: 1 , a2: 21, s0: 0 , s1: 0 , s2: 0 , zero: 0, dr: 0 , ra: 928, sp: 4078, tr: 0 | rin : 0, rout: 0
pc: 176    | instruction: add a0 t2 zero    | N: 0, Z: 0 | t0: 0 , t1: 1 , t2: 0 , t3: 1 , a0: 1 , a1: 1 , a2: 21, s0: 0 , s1: 0 , s2: 0 , zero: 0, dr: 0 , ra: 928, sp: 4077, tr: 0 | rin : 0, rout: 0
pc: 184    | instruction: add a1 t3 zero    | N: 0, Z: 1 | t0: 0 , t1: 1 , t2: 0 , t3: 1 , a0: 0 , a1: 1 , a2: 21, s0: 0 , s1: 0 , s2: 0 , zero: 0, dr: 0 , ra: 928, sp: 4077, tr: 0 | rin : 0, rout: 0
pc: 192    | instruction: swm ra sp 0       | N: 0, Z: 0 | t0: 0 , t1: 1 , t2: 0 , t3: 1 , a0: 0 , a1: 1 , a2: 21, s0: 0 , s1: 0 , s2: 0 , zero: 0, dr: 0 , ra: 928, sp: 4077, tr: 0 | rin : 0, rout: 0
pc: 200    | instruction: subI sp sp 1      | N: 0, Z: 0 | t0: 0 , t1: 1 , t2: 0 , t3: 1 , a0: 0 , a1: 1 , a2: 21, s0: 0 , s1: 0 , s2: 0 , zero: 0, dr: 0 , ra: 928, sp: 4077, tr: 0 | rin : 0, rout: 0
pc: 208    | instruction: savePC            | N: 0, Z: 0 | t0: 0 , t1: 1 , t2: 0 , t3: 1 , a0: 0 , a1: 1 , a2: 21, s0: 0 , s1: 0 , s2: 0 , zero: 0, dr: 0 , ra: 928, sp: 4076, tr: 0 | rin : 0, rout: 0
pc: 216    | instruction: jump zero 56      | N: 0, Z: 0 | t0: 0 , t1: 1 , t2: 0 , t3: 1 , a0: 0 , a1: 1 , a2: 21, s0: 0 , s1: 0 , s2: 0 , zero: 0, dr: 0 , ra: 208, sp: 4076, tr: 0 | rin : 0, rout: 0
pc: 56     | instruction: nop               | N: 0, Z: 1 | t0: 0 , t1: 1 , t2: 0 , t3: 1 , a0: 0 , a1: 1 , a2: 21, s0: 0 , s1: 0 , s2: 0 , zero: 0, dr: 0 , ra: 208, sp: 4076, tr: 0 | rin : 0, rout: 0
pc: 64     | instruction: addI t0 zero 0    | N: 0, Z: 1 | t0: 0 , t1: 1 , t2: 0 , t3: 1 , a0: 0 , a1: 1 , a2: 21, s0: 0 , s1: 0 , s2: 0 , zero: 0, dr: 0 , ra: 208, sp: 4076, tr: 0 | rin : 0, rout: 0
pc: 72     | instruction: be a0 t0 512      | N: 0, Z: 1 | t0: 0 , t1: 1 , t2: 0 , t3: 1 , a0: 0 , a1: 1 , a2: 21, s0: 0 , s1: 0 , s2: 0 , zero: 0, dr: 0 , ra: 208, sp: 4076, tr: 0 | rin : 0, rout: 0
pc: 592    | instruction: nop               | N: 0, Z: 1 | t0: 0 , t1: 1 , t2: 0 , t3: 1 , a0: 0 , a1: 1 , a2: 21, s0: 0 , s1: 0 , s2: 0 , zero: 0, dr: 0 , ra: 208, sp: 4076, tr: 0 | rin : 0, rout: 0
pc: 600    | instruction: add t2 a0 zero    | N: 0, Z: 1 | t0: 0 , t1: 1 , t2: 0 , t3: 1 , a0: 0 , a1: 1 , a2: 21, s0: 0 , s1: 0 , s2: 0 , zero: 0, dr: 0 , ra: 208, sp: 4076, tr: 0 | rin : 0, rout: 0
pc: 608    | instruction: swm t0 sp 0       | N: 0, Z: 1 | t0: 0 , t1: 1 , t2: 0 , t3: 1 , a0: 0 , a1: 1 , a2: 21, s0: 0 , s1: 0 , s2: 0 , zero: 0, dr: 0 , ra: 208, sp: 4076, tr: 0 | rin : 0, rout: 0
pc: 616    | instruction: subI sp sp 1      | N: 0, Z: 0 | t0: 0 , t1: 1 , t2: 0 , t3: 1 , a0: 0 , a1: 1 , a2: 21, s0: 0 , s1: 0 , s2: 0 , zero: 0, dr: 0 , ra: 208, sp: 4076, tr: 0 | rin : 0, rout: 0
pc: 624    | instruction: swm t1 sp 0       | N: 0, Z: 0 | t0: 0 , t1: 1 , t2: 0 , t3: 1 , a0: 0 , a1: 1 , a2: 21, s0: 0 , s1: 0 , s2: 0 , zero: 0, dr: 0 , ra: 208, sp: 4075, tr: 0 | rin : 0, rout: 0
pc: 632    | instruction: subI sp sp 1      | N: 0, Z: 0 | t0: 0 , t1: 1 , t2: 0 , t3: 1 , a0: 0 , a1: 1 , a2: 21, s0: 0 , s1: 0 , s2: 0 , zero: 0, dr: 0 , ra: 208, sp: 4075, tr: 0 | rin : 0, rout: 0
pc: 640    | instruction: swm t2 sp 0       | N: 0, Z: 0 | t0: 0 , t1: 1 , t2: 0 , t3: 1 , a0: 0 , a1: 1 , a2: 21, s0: 0 , s1: 0 , s2: 0 , zero: 0, dr: 0 , ra: 208, sp: 4074, tr: 0 | rin : 0, rout: 0
pc: 648    | instruction: subI sp sp 1      | N: 0, Z: 0 | t0: 0 , t1: 1 , t2: 0 , t3: 1 , a0: 0 , a1: 1 , a2: 21, s0: 0 , s1: 0 , s2: 0 , zero: 0, dr: 0 , ra: 208, sp: 4074, tr: 0 | rin : 0, rout: 0
pc: 656    | instruction: swm a1 sp 0       | N: 0, Z: 0 | t0: 0 , t1: 1 , t2: 0 , t3: 1 , a0: 0 , a1: 1 , a2: 21, s0: 0 , s1: 0 , s2: 0 , zero: 0, dr: 0 , ra: 208, sp: 4073, tr: 0 | rin : 0, rout: 0
pc: 664    | instruction: subI sp sp 1      | N: 0, Z: 0 | t0: 0 , t1: 1 , t2: 0 , t3: 1 , a0: 0 , a1: 1 , a2: 21, s0: 0 , s1: 0 , s2: 0 , zero: 0, dr: 0 , ra: 208, sp: 4073, tr: 0 | rin : 0, rout: 0
pc: 672    | instruction: add a0 a1 zero    | N: 0, Z: 0 | t0: 0 , t1: 1 , t2: 0 , t3: 1 , a0: 0 , a1: 1 , a2: 21, s0: 0 , s1: 0 , s2: 0 , zero: 0, dr: 0 , ra: 208, sp: 4072, tr: 0 | rin : 0, rout: 0
pc: 680    | instruction: swm ra sp 0       | N: 0, Z: 0 | t0: 0 , t1: 1 , t2: 0 , t3: 1 , a0: 1 , a1: 1 , a2: 21, s0: 0 , s1: 0 , s2: 0 , zero: 0, dr: 0 , ra: 208, sp: 4072, tr: 0 | rin : 0, rout: 0
pc: 688    | instruction: subI sp sp 1      | N: 0, Z: 0 | t0: 0 , t1: 1 , t2: 0 , t3: 1 , a0: 1 , a1: 1 , a2: 21, s0: 0 , s1: 0 , s2: 0 , zero: 0, dr: 0 , ra: 208, sp: 4072, tr: 0 | rin : 0, rout: 0
pc: 696    | instruction: savePC            | N: 0, Z: 0 | t0: 0 , t1: 1 , t2: 0 , t3: 1 , a0: 1 , a1: 1 , a2: 21, s0: 0 , s1: 0 , s2: 0 , zero: 0, dr: 0 , ra: 208, sp: 4071, tr: 0 | rin : 0, rout: 0
pc: 704    | instruction: jump zero 3512    | N: 0, Z: 0 | t0: 0 , t1: 1 , t2: 0 , t3: 1 , a0: 1 , a1: 1 , a2: 21, s0: 0 , s1: 0 , s2: 0 , zero: 0, dr: 0 , ra: 696, sp: 4071, tr: 0 | rin : 0, rout: 0
pc: 3512   | instruction: nop               | N: 0, Z: 1 | t0: 0 , t1: 1 , t2: 0 , t3: 1 , a0: 1 , a1: 1 , a2: 21, s0: 0 , s1: 0 , s2: 0 , zero: 0, dr: 0 , ra: 696, sp: 4071, tr: 0 | rin : 0, rout: 0
pc: 3520   | instruction: ret               | N: 0, Z: 1 | t0: 0 , t1: 1 , t2: 0 , t3: 1 , a0: 1 , a1: 1 , a2: 21, s0: 0 , s1: 0 , s2: 0 , zero: 0, dr: 0 , ra: 696, sp: 4071, tr: 0 | rin : 0, rout: 0
pc: 712    | instruction: addI sp sp 1      | N: 0, Z: 1 | t0: 0 , t1: 1 , t2: 0 , t3: 1 , a0: 1 , a1: 1 , a2: 21, s0: 0 , s1: 0 , s2: 0 , zero: 0, dr: 0 , ra: 696, sp: 4071, tr: 0 | rin : 0, rout: 0
pc: 720    | instruction: lwm ra sp 0       | N: 0, Z: 0 | t0: 0 , t1: 1 , t2: 0 , t3: 1 , a0: 1 , a1: 1 , a2: 21, s0: 0 , s1: 0 , s2: 0 , zero: 0, dr: 0 , ra: 696, sp: 4072, tr: 0 | rin : 0, rout: 0
pc: 728    | instruction: addI sp sp 1      | N: 0, Z: 0 | t0: 0 , t1: 1 , t2: 0 , t3: 1 , a0: 1 , a1: 1 , a2: 21, s0: 0 , s1: 0 , s2: 0 , zero: 0, dr: 0 , ra: 208, sp: 4072, tr: 0 | rin : 0, rout: 0
pc: 736    | instruction: lwm a1 sp 0       | N: 0, Z: 0 | t0: 0 , t1: 1 , t2: 0 , t3: 1 , a0: 1 , a1: 1 , a2: 21, s0: 0 , s1: 0 , s2: 0 , zero: 0, dr: 0 , ra: 208, sp: 4073, tr: 0 | rin : 0, rout: 0
pc: 744    | instruction: addI sp sp 1      | N: 0, Z: 0 | t0: 0 , t1: 1 , t2: 0 , t3: 1 , a0: 1 , a1: 1 , a2: 21, s0: 0 , s1: 0 , s2: 0 , zero: 0, dr: 0 , ra: 208, sp: 4073, tr: 0 | rin : 0, rout: 0

Exit code: |-
Halt: Stopping execution
Stdout: |-
232792560
Total: |-
7693 instructions executed
